The target system is: Linux -  - aarch64
The host system is: Linux - 5.15.153.1-microsoft-standard-WSL2 - x86_64
Compiling the C compiler identification source file "CMakeCCompilerId.c" succeeded.
Compiler: /home/dev/work/sdk/2024-07-11_05.15.00.A/sysroots/x86_64-arenesdk-linux/usr/bin/aarch64-arene-linux/aarch64-arene-linux-gcc -mcpu=cortex-a76.cortex-a55;-march=armv8.2-a;-mabi=lp64;-fstack-protector-strong;-Wa,--noexecstack;-pie;-fPIE;-D_FORTIFY_SOURCE=2;-Wformat;-Wformat-security;-Werror=format-security;-fstack-clash-protection;--sysroot=/home/dev/work/sdk/2024-07-11_05.15.00.A/sysroots/aarch64-arene-linux;-I/home/dev/work/sdk/2024-07-11_05.15.00.A/sysroots/aarch64-arene-linux/usr/include/linux-msm
Build flags: ;-O2;-pipe;-Wa,--noexecstack;-fexpensive-optimizations;-frename-registers;-ftree-vectorize;-finline-functions;-finline-limit=64;-Wno-error=maybe-uninitialized;-Wno-error=unused-result;-g;-feliminate-unused-debug-types;;-fno-omit-frame-pointer;
Id flags:  

The output was:
0


Compilation of the C compiler identification source "CMakeCCompilerId.c" produced "a.out"

The C compiler identification is GNU, found in "/home/dev/work/Media/build/CMakeFiles/3.21.1/CompilerIdC/a.out"

Compiling the CXX compiler identification source file "CMakeCXXCompilerId.cpp" succeeded.
Compiler: /home/dev/work/sdk/2024-07-11_05.15.00.A/sysroots/x86_64-arenesdk-linux/usr/bin/aarch64-arene-linux/aarch64-arene-linux-g++ -mcpu=cortex-a76.cortex-a55;-march=armv8.2-a;-mabi=lp64;-fstack-protector-strong;-Wa,--noexecstack;-pie;-fPIE;-D_FORTIFY_SOURCE=2;-Wformat;-Wformat-security;-Werror=format-security;-fstack-clash-protection;--sysroot=/home/dev/work/sdk/2024-07-11_05.15.00.A/sysroots/aarch64-arene-linux;-I/home/dev/work/sdk/2024-07-11_05.15.00.A/sysroots/aarch64-arene-linux/usr/include/linux-msm
Build flags: ;-O2;-pipe;-Wa,--noexecstack;-fexpensive-optimizations;-frename-registers;-ftree-vectorize;-finline-functions;-finline-limit=64;-Wno-error=maybe-uninitialized;-Wno-error=unused-result;-g;-feliminate-unused-debug-types;;-fno-omit-frame-pointer;
Id flags:  

The output was:
0


Compilation of the CXX compiler identification source "CMakeCXXCompilerId.cpp" produced "a.out"

The CXX compiler identification is GNU, found in "/home/dev/work/Media/build/CMakeFiles/3.21.1/CompilerIdCXX/a.out"

Detecting C compiler ABI info compiled with the following output:
Change Dir: /home/dev/work/Media/build/CMakeFiles/CMakeTmp

Run Build Command(s):/usr/bin/make -f Makefile cmTC_8c786/fast && /usr/bin/make  -f CMakeFiles/cmTC_8c786.dir/build.make CMakeFiles/cmTC_8c786.dir/build
make[1]: Entering directory '/home/dev/work/Media/build/CMakeFiles/CMakeTmp'
Building C object CMakeFiles/cmTC_8c786.dir/CMakeCCompilerABI.c.o
/home/dev/work/sdk/2024-07-11_05.15.00.A/sysroots/x86_64-arenesdk-linux/usr/bin/aarch64-arene-linux/aarch64-arene-linux-gcc   -mcpu=cortex-a76.cortex-a55 -march=armv8.2-a -mabi=lp64  -fstack-protector-strong -Wa,--noexecstack -pie -fPIE -D_FORTIFY_SOURCE=2 -Wformat -Wformat-security -Werror=format-security -fstack-clash-protection --sysroot=/home/dev/work/sdk/2024-07-11_05.15.00.A/sysroots/aarch64-arene-linux -I/home/dev/work/sdk/2024-07-11_05.15.00.A/sysroots/aarch64-arene-linux/usr/include/linux-msm --sysroot=/home/dev/work/sdk/2024-07-11_05.15.00.A/sysroots/aarch64-arene-linux   -O2 -pipe -Wa,--noexecstack -fexpensive-optimizations -frename-registers -ftree-vectorize -finline-functions -finline-limit=64 -Wno-error=maybe-uninitialized -Wno-error=unused-result -g -feliminate-unused-debug-types  -fno-omit-frame-pointer     -v -o CMakeFiles/cmTC_8c786.dir/CMakeCCompilerABI.c.o -c /home/dev/work/sdk/2024-07-11_05.15.00.A/sysroots/x86_64-arenesdk-linux/usr/share/cmake-3.21/Modules/CMakeCCompilerABI.c
Using built-in specs.
COLLECT_AS_OPTIONS='--noexecstack' '--noexecstack'
COLLECT_GCC=/home/dev/work/sdk/2024-07-11_05.15.00.A/sysroots/x86_64-arenesdk-linux/usr/bin/aarch64-arene-linux/aarch64-arene-linux-gcc
Target: aarch64-arene-linux
Configured with: ../../../../../work-shared/gcc-9.5.0-r0/gcc-9.5.0/configure --build=x86_64-linux --host=x86_64-arenesdk-linux --target=aarch64-arene-linux --prefix=/opt/arene/sdk/v9.6.1/ivi/sa81x5/sysroots/x86_64-arenesdk-linux/usr --exec_prefix=/opt/arene/sdk/v9.6.1/ivi/sa81x5/sysroots/x86_64-arenesdk-linux/usr --bindir=/opt/arene/sdk/v9.6.1/ivi/sa81x5/sysroots/x86_64-arenesdk-linux/usr/bin/aarch64-arene-linux --sbindir=/opt/arene/sdk/v9.6.1/ivi/sa81x5/sysroots/x86_64-arenesdk-linux/usr/bin/aarch64-arene-linux --libexecdir=/opt/arene/sdk/v9.6.1/ivi/sa81x5/sysroots/x86_64-arenesdk-linux/usr/libexec/aarch64-arene-linux --datadir=/opt/arene/sdk/v9.6.1/ivi/sa81x5/sysroots/x86_64-arenesdk-linux/usr/share --sysconfdir=/opt/arene/sdk/v9.6.1/ivi/sa81x5/sysroots/x86_64-arenesdk-linux/etc --sharedstatedir=/opt/arene/sdk/v9.6.1/ivi/sa81x5/sysroots/x86_64-arenesdk-linux/com --localstatedir=/opt/arene/sdk/v9.6.1/ivi/sa81x5/sysroots/x86_64-arenesdk-linux/var --libdir=/opt/arene/sdk/v9.6.1/ivi/sa81x5/sysroots/x86_64-arenesdk-linux/usr/lib/aarch64-arene-linux --includedir=/opt/arene/sdk/v9.6.1/ivi/sa81x5/sysroots/x86_64-arenesdk-linux/usr/include --oldincludedir=/opt/arene/sdk/v9.6.1/ivi/sa81x5/sysroots/x86_64-arenesdk-linux/usr/include --infodir=/opt/arene/sdk/v9.6.1/ivi/sa81x5/sysroots/x86_64-arenesdk-linux/usr/share/info --mandir=/opt/arene/sdk/v9.6.1/ivi/sa81x5/sysroots/x86_64-arenesdk-linux/usr/share/man --disable-silent-rules --disable-dependency-tracking --with-libtool-sysroot=/workdir/build-qcom/tmp-glibc/work/x86_64-nativesdk-arenesdk-linux/gcc-cross-canadian-aarch64/9.5.0-r0/recipe-sysroot --with-gnu-ld --enable-shared --enable-languages=c,c++,fortran --enable-threads=posix --enable-multilib --enable-c99 --enable-long-long --enable-symvers=gnu --enable-libstdcxx-pch --program-prefix=aarch64-arene-linux- --without-local-prefix --disable-install-libiberty --enable-lto --disable-libssp --enable-libitm --disable-bootstrap --disable-libmudflap --with-system-zlib --with-linker-hash-style=gnu --enable-linker-build-id --with-ppl=no --with-cloog=no --enable-checking=release --enable-cheaders=c_global --without-isl --with-gxx-include-dir=/not/exist/usr/include/c++/9.5.0 --with-build-time-tools=/workdir/build-qcom/tmp-glibc/work/x86_64-nativesdk-arenesdk-linux/gcc-cross-canadian-aarch64/9.5.0-r0/recipe-sysroot-native/usr/aarch64-arene-linux/bin --with-sysroot=/not/exist --with-build-sysroot=/workdir/build-qcom/tmp-glibc/work/x86_64-nativesdk-arenesdk-linux/gcc-cross-canadian-aarch64/9.5.0-r0/recipe-sysroot --enable-poison-system-directories --enable-nls --with-glibc-version=2.28 --enable-initfini-array --enable-__cxa_atexit
Thread model: posix
gcc version 9.5.0 (GCC) 
COLLECT_GCC_OPTIONS='--sysroot=/home/dev/work/sdk/2024-07-11_05.15.00.A/sysroots/aarch64-arene-linux' '-mcpu=cortex-a76.cortex-a55' '-march=armv8.2-a' '-mabi=lp64' '-fstack-protector-strong' '-pie' '-fPIE' '-D' '_FORTIFY_SOURCE=2' '-Wformat=1' '-Wformat-security' '-Werror=format-security' '-fstack-clash-protection' '-I' '/home/dev/work/sdk/2024-07-11_05.15.00.A/sysroots/aarch64-arene-linux/usr/include/linux-msm' '-O2' '-pipe' '-fexpensive-optimizations' '-frename-registers' '-ftree-vectorize' '-finline-functions' '-finline-limit=64' '-Wno-error=maybe-uninitialized' '-Wno-error=unused-result' '-g' '-feliminate-unused-debug-types' '-fno-omit-frame-pointer' '-v' '-o' 'CMakeFiles/cmTC_8c786.dir/CMakeCCompilerABI.c.o' '-c' '-mlittle-endian'
 /home/dev/work/sdk/2024-07-11_05.15.00.A/sysroots/x86_64-arenesdk-linux/usr/libexec/aarch64-arene-linux/gcc/aarch64-arene-linux/9.5.0/cc1 -quiet -v -I /home/dev/work/sdk/2024-07-11_05.15.00.A/sysroots/aarch64-arene-linux/usr/include/linux-msm -isysroot /home/dev/work/sdk/2024-07-11_05.15.00.A/sysroots/aarch64-arene-linux -D _FORTIFY_SOURCE=2 /home/dev/work/sdk/2024-07-11_05.15.00.A/sysroots/x86_64-arenesdk-linux/usr/share/cmake-3.21/Modules/CMakeCCompilerABI.c -quiet -dumpbase CMakeCCompilerABI.c -mcpu=cortex-a76.cortex-a55 -march=armv8.2-a -mabi=lp64 -mlittle-endian -auxbase-strip CMakeFiles/cmTC_8c786.dir/CMakeCCompilerABI.c.o -g -O2 -Wformat=1 -Wformat-security -Werror=format-security -Wno-error=maybe-uninitialized -Wno-error=unused-result -version -fstack-protector-strong -fPIE -fstack-clash-protection -fexpensive-optimizations -frename-registers -ftree-vectorize -finline-functions -finline-limit=64 -feliminate-unused-debug-types -fno-omit-frame-pointer -o - |
 /home/dev/work/sdk/2024-07-11_05.15.00.A/sysroots/x86_64-arenesdk-linux/usr/libexec/aarch64-arene-linux/gcc/aarch64-arene-linux/9.5.0/as -v -I /home/dev/work/sdk/2024-07-11_05.15.00.A/sysroots/aarch64-arene-linux/usr/include/linux-msm -EL -march=armv8.2-a -march=armv8.2-a+fp16+rcpc+dotprod -mabi=lp64 --noexecstack --noexecstack -o CMakeFiles/cmTC_8c786.dir/CMakeCCompilerABI.c.o
GNU assembler version 2.34.0 (aarch64-arene-linux) using BFD version (GNU Binutils) 2.34.0.20200910
GNU C17 (GCC) version 9.5.0 (aarch64-arene-linux)
	compiled by GNU C version 9.5.0, GMP version 6.2.0, MPFR version 4.0.2, MPC version 1.1.0, isl version none
GGC heuristics: --param ggc-min-expand=100 --param ggc-min-heapsize=131072
ignoring nonexistent directory "/home/dev/work/sdk/2024-07-11_05.15.00.A/sysroots/aarch64-arene-linux/usr/local/include"
ignoring nonexistent directory "/home/dev/work/sdk/2024-07-11_05.15.00.A/sysroots/x86_64-arenesdk-linux/usr/lib/aarch64-arene-linux/gcc/aarch64-arene-linux/9.5.0/../../../../../aarch64-arene-linux/include"
#include "..." search starts here:
#include <...> search starts here:
 /home/dev/work/sdk/2024-07-11_05.15.00.A/sysroots/aarch64-arene-linux/usr/include/linux-msm
 /home/dev/work/sdk/2024-07-11_05.15.00.A/sysroots/x86_64-arenesdk-linux/usr/lib/aarch64-arene-linux/gcc/aarch64-arene-linux/9.5.0/include
 /home/dev/work/sdk/2024-07-11_05.15.00.A/sysroots/aarch64-arene-linux/usr/lib/aarch64-arene-linux/9.5.0/include
 /home/dev/work/sdk/2024-07-11_05.15.00.A/sysroots/x86_64-arenesdk-linux/usr/lib/aarch64-arene-linux/gcc/aarch64-arene-linux/9.5.0/include-fixed
 /home/dev/work/sdk/2024-07-11_05.15.00.A/sysroots/aarch64-arene-linux/usr/include/
End of search list.
GNU C17 (GCC) version 9.5.0 (aarch64-arene-linux)
	compiled by GNU C version 9.5.0, GMP version 6.2.0, MPFR version 4.0.2, MPC version 1.1.0, isl version none
GGC heuristics: --param ggc-min-expand=100 --param ggc-min-heapsize=131072
Compiler executable checksum: ad02ed4e550fbf8065f8b702894ba69e
COMPILER_PATH=/home/dev/work/sdk/2024-07-11_05.15.00.A/sysroots/x86_64-arenesdk-linux/usr/libexec/aarch64-arene-linux/gcc/aarch64-arene-linux/9.5.0/:/home/dev/work/sdk/2024-07-11_05.15.00.A/sysroots/x86_64-arenesdk-linux/usr/libexec/aarch64-arene-linux/gcc/aarch64-arene-linux/9.5.0/:/home/dev/work/sdk/2024-07-11_05.15.00.A/sysroots/x86_64-arenesdk-linux/usr/libexec/aarch64-arene-linux/gcc/aarch64-arene-linux/:/home/dev/work/sdk/2024-07-11_05.15.00.A/sysroots/x86_64-arenesdk-linux/usr/lib/aarch64-arene-linux/gcc/aarch64-arene-linux/9.5.0/:/home/dev/work/sdk/2024-07-11_05.15.00.A/sysroots/x86_64-arenesdk-linux/usr/lib/aarch64-arene-linux/gcc/aarch64-arene-linux/
LIBRARY_PATH=/home/dev/work/sdk/2024-07-11_05.15.00.A/sysroots/x86_64-arenesdk-linux/usr/lib/aarch64-arene-linux/gcc/aarch64-arene-linux/9.5.0/:/home/dev/work/sdk/2024-07-11_05.15.00.A/sysroots/aarch64-arene-linux/lib/:/home/dev/work/sdk/2024-07-11_05.15.00.A/sysroots/aarch64-arene-linux/usr/lib/aarch64-arene-linux/9.5.0/:/home/dev/work/sdk/2024-07-11_05.15.00.A/sysroots/aarch64-arene-linux/usr/lib/
COLLECT_GCC_OPTIONS='--sysroot=/home/dev/work/sdk/2024-07-11_05.15.00.A/sysroots/aarch64-arene-linux' '-mcpu=cortex-a76.cortex-a55' '-march=armv8.2-a' '-mabi=lp64' '-fstack-protector-strong' '-pie' '-fPIE' '-D' '_FORTIFY_SOURCE=2' '-Wformat=1' '-Wformat-security' '-Werror=format-security' '-fstack-clash-protection' '-I' '/home/dev/work/sdk/2024-07-11_05.15.00.A/sysroots/aarch64-arene-linux/usr/include/linux-msm' '-O2' '-pipe' '-fexpensive-optimizations' '-frename-registers' '-ftree-vectorize' '-finline-functions' '-finline-limit=64' '-Wno-error=maybe-uninitialized' '-Wno-error=unused-result' '-g' '-feliminate-unused-debug-types' '-fno-omit-frame-pointer' '-v' '-o' 'CMakeFiles/cmTC_8c786.dir/CMakeCCompilerABI.c.o' '-c' '-mlittle-endian'
Linking C executable cmTC_8c786
/home/dev/work/sdk/2024-07-11_05.15.00.A/sysroots/x86_64-arenesdk-linux/usr/bin/cmake -E cmake_link_script CMakeFiles/cmTC_8c786.dir/link.txt --verbose=1
/home/dev/work/sdk/2024-07-11_05.15.00.A/sysroots/x86_64-arenesdk-linux/usr/bin/aarch64-arene-linux/aarch64-arene-linux-gcc   -mcpu=cortex-a76.cortex-a55 -march=armv8.2-a -mabi=lp64  -fstack-protector-strong -Wa,--noexecstack -pie -fPIE -D_FORTIFY_SOURCE=2 -Wformat -Wformat-security -Werror=format-security -fstack-clash-protection --sysroot=/home/dev/work/sdk/2024-07-11_05.15.00.A/sysroots/aarch64-arene-linux -I/home/dev/work/sdk/2024-07-11_05.15.00.A/sysroots/aarch64-arene-linux/usr/include/linux-msm --sysroot=/home/dev/work/sdk/2024-07-11_05.15.00.A/sysroots/aarch64-arene-linux  -O2 -pipe -Wa,--noexecstack -fexpensive-optimizations -frename-registers -ftree-vectorize -finline-functions -finline-limit=64 -Wno-error=maybe-uninitialized -Wno-error=unused-result -g -feliminate-unused-debug-types  -fno-omit-frame-pointer   -Wl,-O1 -Wl,--hash-style=gnu -Wl,--as-needed -Wl,-z,relro,-z,now,-z,noexecstack -v CMakeFiles/cmTC_8c786.dir/CMakeCCompilerABI.c.o -o cmTC_8c786 
Using built-in specs.
COLLECT_AS_OPTIONS='--noexecstack' '--noexecstack'
COLLECT_GCC=/home/dev/work/sdk/2024-07-11_05.15.00.A/sysroots/x86_64-arenesdk-linux/usr/bin/aarch64-arene-linux/aarch64-arene-linux-gcc
COLLECT_LTO_WRAPPER=/home/dev/work/sdk/2024-07-11_05.15.00.A/sysroots/x86_64-arenesdk-linux/usr/libexec/aarch64-arene-linux/gcc/aarch64-arene-linux/9.5.0/lto-wrapper
Target: aarch64-arene-linux
Configured with: ../../../../../work-shared/gcc-9.5.0-r0/gcc-9.5.0/configure --build=x86_64-linux --host=x86_64-arenesdk-linux --target=aarch64-arene-linux --prefix=/opt/arene/sdk/v9.6.1/ivi/sa81x5/sysroots/x86_64-arenesdk-linux/usr --exec_prefix=/opt/arene/sdk/v9.6.1/ivi/sa81x5/sysroots/x86_64-arenesdk-linux/usr --bindir=/opt/arene/sdk/v9.6.1/ivi/sa81x5/sysroots/x86_64-arenesdk-linux/usr/bin/aarch64-arene-linux --sbindir=/opt/arene/sdk/v9.6.1/ivi/sa81x5/sysroots/x86_64-arenesdk-linux/usr/bin/aarch64-arene-linux --libexecdir=/opt/arene/sdk/v9.6.1/ivi/sa81x5/sysroots/x86_64-arenesdk-linux/usr/libexec/aarch64-arene-linux --datadir=/opt/arene/sdk/v9.6.1/ivi/sa81x5/sysroots/x86_64-arenesdk-linux/usr/share --sysconfdir=/opt/arene/sdk/v9.6.1/ivi/sa81x5/sysroots/x86_64-arenesdk-linux/etc --sharedstatedir=/opt/arene/sdk/v9.6.1/ivi/sa81x5/sysroots/x86_64-arenesdk-linux/com --localstatedir=/opt/arene/sdk/v9.6.1/ivi/sa81x5/sysroots/x86_64-arenesdk-linux/var --libdir=/opt/arene/sdk/v9.6.1/ivi/sa81x5/sysroots/x86_64-arenesdk-linux/usr/lib/aarch64-arene-linux --includedir=/opt/arene/sdk/v9.6.1/ivi/sa81x5/sysroots/x86_64-arenesdk-linux/usr/include --oldincludedir=/opt/arene/sdk/v9.6.1/ivi/sa81x5/sysroots/x86_64-arenesdk-linux/usr/include --infodir=/opt/arene/sdk/v9.6.1/ivi/sa81x5/sysroots/x86_64-arenesdk-linux/usr/share/info --mandir=/opt/arene/sdk/v9.6.1/ivi/sa81x5/sysroots/x86_64-arenesdk-linux/usr/share/man --disable-silent-rules --disable-dependency-tracking --with-libtool-sysroot=/workdir/build-qcom/tmp-glibc/work/x86_64-nativesdk-arenesdk-linux/gcc-cross-canadian-aarch64/9.5.0-r0/recipe-sysroot --with-gnu-ld --enable-shared --enable-languages=c,c++,fortran --enable-threads=posix --enable-multilib --enable-c99 --enable-long-long --enable-symvers=gnu --enable-libstdcxx-pch --program-prefix=aarch64-arene-linux- --without-local-prefix --disable-install-libiberty --enable-lto --disable-libssp --enable-libitm --disable-bootstrap --disable-libmudflap --with-system-zlib --with-linker-hash-style=gnu --enable-linker-build-id --with-ppl=no --with-cloog=no --enable-checking=release --enable-cheaders=c_global --without-isl --with-gxx-include-dir=/not/exist/usr/include/c++/9.5.0 --with-build-time-tools=/workdir/build-qcom/tmp-glibc/work/x86_64-nativesdk-arenesdk-linux/gcc-cross-canadian-aarch64/9.5.0-r0/recipe-sysroot-native/usr/aarch64-arene-linux/bin --with-sysroot=/not/exist --with-build-sysroot=/workdir/build-qcom/tmp-glibc/work/x86_64-nativesdk-arenesdk-linux/gcc-cross-canadian-aarch64/9.5.0-r0/recipe-sysroot --enable-poison-system-directories --enable-nls --with-glibc-version=2.28 --enable-initfini-array --enable-__cxa_atexit
Thread model: posix
gcc version 9.5.0 (GCC) 
COMPILER_PATH=/home/dev/work/sdk/2024-07-11_05.15.00.A/sysroots/x86_64-arenesdk-linux/usr/libexec/aarch64-arene-linux/gcc/aarch64-arene-linux/9.5.0/:/home/dev/work/sdk/2024-07-11_05.15.00.A/sysroots/x86_64-arenesdk-linux/usr/libexec/aarch64-arene-linux/gcc/aarch64-arene-linux/9.5.0/:/home/dev/work/sdk/2024-07-11_05.15.00.A/sysroots/x86_64-arenesdk-linux/usr/libexec/aarch64-arene-linux/gcc/aarch64-arene-linux/:/home/dev/work/sdk/2024-07-11_05.15.00.A/sysroots/x86_64-arenesdk-linux/usr/lib/aarch64-arene-linux/gcc/aarch64-arene-linux/9.5.0/:/home/dev/work/sdk/2024-07-11_05.15.00.A/sysroots/x86_64-arenesdk-linux/usr/lib/aarch64-arene-linux/gcc/aarch64-arene-linux/
LIBRARY_PATH=/home/dev/work/sdk/2024-07-11_05.15.00.A/sysroots/x86_64-arenesdk-linux/usr/lib/aarch64-arene-linux/gcc/aarch64-arene-linux/9.5.0/:/home/dev/work/sdk/2024-07-11_05.15.00.A/sysroots/aarch64-arene-linux/lib/:/home/dev/work/sdk/2024-07-11_05.15.00.A/sysroots/aarch64-arene-linux/usr/lib/aarch64-arene-linux/9.5.0/:/home/dev/work/sdk/2024-07-11_05.15.00.A/sysroots/aarch64-arene-linux/usr/lib/
COLLECT_GCC_OPTIONS='--sysroot=/home/dev/work/sdk/2024-07-11_05.15.00.A/sysroots/aarch64-arene-linux' '-mcpu=cortex-a76.cortex-a55' '-march=armv8.2-a' '-mabi=lp64' '-fstack-protector-strong' '-pie' '-fPIE' '-D' '_FORTIFY_SOURCE=2' '-Wformat=1' '-Wformat-security' '-Werror=format-security' '-fstack-clash-protection' '-I' '/home/dev/work/sdk/2024-07-11_05.15.00.A/sysroots/aarch64-arene-linux/usr/include/linux-msm' '-O2' '-pipe' '-fexpensive-optimizations' '-frename-registers' '-ftree-vectorize' '-finline-functions' '-finline-limit=64' '-Wno-error=maybe-uninitialized' '-Wno-error=unused-result' '-g' '-feliminate-unused-debug-types' '-fno-omit-frame-pointer' '-v' '-o' 'cmTC_8c786' '-mlittle-endian'
 /home/dev/work/sdk/2024-07-11_05.15.00.A/sysroots/x86_64-arenesdk-linux/usr/libexec/aarch64-arene-linux/gcc/aarch64-arene-linux/9.5.0/collect2 -plugin /home/dev/work/sdk/2024-07-11_05.15.00.A/sysroots/x86_64-arenesdk-linux/usr/libexec/aarch64-arene-linux/gcc/aarch64-arene-linux/9.5.0/liblto_plugin.so -plugin-opt=/home/dev/work/sdk/2024-07-11_05.15.00.A/sysroots/x86_64-arenesdk-linux/usr/libexec/aarch64-arene-linux/gcc/aarch64-arene-linux/9.5.0/lto-wrapper -plugin-opt=-fresolution=/tmp/ccem6tbt.res -plugin-opt=-pass-through=-lgcc -plugin-opt=-pass-through=-lgcc_s -plugin-opt=-pass-through=-lc -plugin-opt=-pass-through=-lgcc -plugin-opt=-pass-through=-lgcc_s --sysroot=/home/dev/work/sdk/2024-07-11_05.15.00.A/sysroots/aarch64-arene-linux --build-id --eh-frame-hdr --hash-style=gnu -dynamic-linker /lib/ld-linux-aarch64.so.1 -X -EL -maarch64linux -pie -o cmTC_8c786 /home/dev/work/sdk/2024-07-11_05.15.00.A/sysroots/aarch64-arene-linux/usr/lib/Scrt1.o /home/dev/work/sdk/2024-07-11_05.15.00.A/sysroots/aarch64-arene-linux/usr/lib/crti.o /home/dev/work/sdk/2024-07-11_05.15.00.A/sysroots/aarch64-arene-linux/usr/lib/aarch64-arene-linux/9.5.0/crtbeginS.o -L/home/dev/work/sdk/2024-07-11_05.15.00.A/sysroots/x86_64-arenesdk-linux/usr/lib/aarch64-arene-linux/gcc/aarch64-arene-linux/9.5.0 -L/home/dev/work/sdk/2024-07-11_05.15.00.A/sysroots/aarch64-arene-linux/lib -L/home/dev/work/sdk/2024-07-11_05.15.00.A/sysroots/aarch64-arene-linux/usr/lib/aarch64-arene-linux/9.5.0 -L/home/dev/work/sdk/2024-07-11_05.15.00.A/sysroots/aarch64-arene-linux/usr/lib -O1 --hash-style=gnu --as-needed -z relro -z now -z noexecstack CMakeFiles/cmTC_8c786.dir/CMakeCCompilerABI.c.o -lgcc --push-state --as-needed -lgcc_s --pop-state -lc -lgcc --push-state --as-needed -lgcc_s --pop-state /home/dev/work/sdk/2024-07-11_05.15.00.A/sysroots/aarch64-arene-linux/usr/lib/aarch64-arene-linux/9.5.0/crtendS.o /home/dev/work/sdk/2024-07-11_05.15.00.A/sysroots/aarch64-arene-linux/usr/lib/crtn.o
COLLECT_GCC_OPTIONS='--sysroot=/home/dev/work/sdk/2024-07-11_05.15.00.A/sysroots/aarch64-arene-linux' '-mcpu=cortex-a76.cortex-a55' '-march=armv8.2-a' '-mabi=lp64' '-fstack-protector-strong' '-pie' '-fPIE' '-D' '_FORTIFY_SOURCE=2' '-Wformat=1' '-Wformat-security' '-Werror=format-security' '-fstack-clash-protection' '-I' '/home/dev/work/sdk/2024-07-11_05.15.00.A/sysroots/aarch64-arene-linux/usr/include/linux-msm' '-O2' '-pipe' '-fexpensive-optimizations' '-frename-registers' '-ftree-vectorize' '-finline-functions' '-finline-limit=64' '-Wno-error=maybe-uninitialized' '-Wno-error=unused-result' '-g' '-feliminate-unused-debug-types' '-fno-omit-frame-pointer' '-v' '-o' 'cmTC_8c786' '-mlittle-endian'
make[1]: Leaving directory '/home/dev/work/Media/build/CMakeFiles/CMakeTmp'



Parsed C implicit include dir info from above output: rv=done
  found start of include info
  found start of implicit include info
    add: [/home/dev/work/sdk/2024-07-11_05.15.00.A/sysroots/aarch64-arene-linux/usr/include/linux-msm]
    add: [/home/dev/work/sdk/2024-07-11_05.15.00.A/sysroots/x86_64-arenesdk-linux/usr/lib/aarch64-arene-linux/gcc/aarch64-arene-linux/9.5.0/include]
    add: [/home/dev/work/sdk/2024-07-11_05.15.00.A/sysroots/aarch64-arene-linux/usr/lib/aarch64-arene-linux/9.5.0/include]
    add: [/home/dev/work/sdk/2024-07-11_05.15.00.A/sysroots/x86_64-arenesdk-linux/usr/lib/aarch64-arene-linux/gcc/aarch64-arene-linux/9.5.0/include-fixed]
    add: [/home/dev/work/sdk/2024-07-11_05.15.00.A/sysroots/aarch64-arene-linux/usr/include/]
  end of search list found
  collapse include dir [/home/dev/work/sdk/2024-07-11_05.15.00.A/sysroots/aarch64-arene-linux/usr/include/linux-msm] ==> [/home/dev/work/sdk/2024-07-11_05.15.00.A/sysroots/aarch64-arene-linux/usr/include/linux-msm]
  collapse include dir [/home/dev/work/sdk/2024-07-11_05.15.00.A/sysroots/x86_64-arenesdk-linux/usr/lib/aarch64-arene-linux/gcc/aarch64-arene-linux/9.5.0/include] ==> [/home/dev/work/sdk/2024-07-11_05.15.00.A/sysroots/x86_64-arenesdk-linux/usr/lib/aarch64-arene-linux/gcc/aarch64-arene-linux/9.5.0/include]
  collapse include dir [/home/dev/work/sdk/2024-07-11_05.15.00.A/sysroots/aarch64-arene-linux/usr/lib/aarch64-arene-linux/9.5.0/include] ==> [/home/dev/work/sdk/2024-07-11_05.15.00.A/sysroots/aarch64-arene-linux/usr/lib/aarch64-arene-linux/9.5.0/include]
  collapse include dir [/home/dev/work/sdk/2024-07-11_05.15.00.A/sysroots/x86_64-arenesdk-linux/usr/lib/aarch64-arene-linux/gcc/aarch64-arene-linux/9.5.0/include-fixed] ==> [/home/dev/work/sdk/2024-07-11_05.15.00.A/sysroots/x86_64-arenesdk-linux/usr/lib/aarch64-arene-linux/gcc/aarch64-arene-linux/9.5.0/include-fixed]
  collapse include dir [/home/dev/work/sdk/2024-07-11_05.15.00.A/sysroots/aarch64-arene-linux/usr/include/] ==> [/home/dev/work/sdk/2024-07-11_05.15.00.A/sysroots/aarch64-arene-linux/usr/include]
  implicit include dirs: [/home/dev/work/sdk/2024-07-11_05.15.00.A/sysroots/aarch64-arene-linux/usr/include/linux-msm;/home/dev/work/sdk/2024-07-11_05.15.00.A/sysroots/x86_64-arenesdk-linux/usr/lib/aarch64-arene-linux/gcc/aarch64-arene-linux/9.5.0/include;/home/dev/work/sdk/2024-07-11_05.15.00.A/sysroots/aarch64-arene-linux/usr/lib/aarch64-arene-linux/9.5.0/include;/home/dev/work/sdk/2024-07-11_05.15.00.A/sysroots/x86_64-arenesdk-linux/usr/lib/aarch64-arene-linux/gcc/aarch64-arene-linux/9.5.0/include-fixed;/home/dev/work/sdk/2024-07-11_05.15.00.A/sysroots/aarch64-arene-linux/usr/include]


Parsed C implicit link information from above output:
  link line regex: [^( *|.*[/\])(aarch64-arene-linux-ld|CMAKE_LINK_STARTFILE-NOTFOUND|([^/\]+-)?ld|collect2)[^/\]*( |$)]
  ignore line: [Change Dir: /home/dev/work/Media/build/CMakeFiles/CMakeTmp]
  ignore line: []
  ignore line: [Run Build Command(s):/usr/bin/make -f Makefile cmTC_8c786/fast && /usr/bin/make  -f CMakeFiles/cmTC_8c786.dir/build.make CMakeFiles/cmTC_8c786.dir/build]
  ignore line: [make[1]: Entering directory '/home/dev/work/Media/build/CMakeFiles/CMakeTmp']
  ignore line: [Building C object CMakeFiles/cmTC_8c786.dir/CMakeCCompilerABI.c.o]
  ignore line: [/home/dev/work/sdk/2024-07-11_05.15.00.A/sysroots/x86_64-arenesdk-linux/usr/bin/aarch64-arene-linux/aarch64-arene-linux-gcc   -mcpu=cortex-a76.cortex-a55 -march=armv8.2-a -mabi=lp64  -fstack-protector-strong -Wa --noexecstack -pie -fPIE -D_FORTIFY_SOURCE=2 -Wformat -Wformat-security -Werror=format-security -fstack-clash-protection --sysroot=/home/dev/work/sdk/2024-07-11_05.15.00.A/sysroots/aarch64-arene-linux -I/home/dev/work/sdk/2024-07-11_05.15.00.A/sysroots/aarch64-arene-linux/usr/include/linux-msm --sysroot=/home/dev/work/sdk/2024-07-11_05.15.00.A/sysroots/aarch64-arene-linux   -O2 -pipe -Wa --noexecstack -fexpensive-optimizations -frename-registers -ftree-vectorize -finline-functions -finline-limit=64 -Wno-error=maybe-uninitialized -Wno-error=unused-result -g -feliminate-unused-debug-types  -fno-omit-frame-pointer     -v -o CMakeFiles/cmTC_8c786.dir/CMakeCCompilerABI.c.o -c /home/dev/work/sdk/2024-07-11_05.15.00.A/sysroots/x86_64-arenesdk-linux/usr/share/cmake-3.21/Modules/CMakeCCompilerABI.c]
  ignore line: [Using built-in specs.]
  ignore line: [COLLECT_AS_OPTIONS='--noexecstack' '--noexecstack']
  ignore line: [COLLECT_GCC=/home/dev/work/sdk/2024-07-11_05.15.00.A/sysroots/x86_64-arenesdk-linux/usr/bin/aarch64-arene-linux/aarch64-arene-linux-gcc]
  ignore line: [Target: aarch64-arene-linux]
  ignore line: [Configured with: ../../../../../work-shared/gcc-9.5.0-r0/gcc-9.5.0/configure --build=x86_64-linux --host=x86_64-arenesdk-linux --target=aarch64-arene-linux --prefix=/opt/arene/sdk/v9.6.1/ivi/sa81x5/sysroots/x86_64-arenesdk-linux/usr --exec_prefix=/opt/arene/sdk/v9.6.1/ivi/sa81x5/sysroots/x86_64-arenesdk-linux/usr --bindir=/opt/arene/sdk/v9.6.1/ivi/sa81x5/sysroots/x86_64-arenesdk-linux/usr/bin/aarch64-arene-linux --sbindir=/opt/arene/sdk/v9.6.1/ivi/sa81x5/sysroots/x86_64-arenesdk-linux/usr/bin/aarch64-arene-linux --libexecdir=/opt/arene/sdk/v9.6.1/ivi/sa81x5/sysroots/x86_64-arenesdk-linux/usr/libexec/aarch64-arene-linux --datadir=/opt/arene/sdk/v9.6.1/ivi/sa81x5/sysroots/x86_64-arenesdk-linux/usr/share --sysconfdir=/opt/arene/sdk/v9.6.1/ivi/sa81x5/sysroots/x86_64-arenesdk-linux/etc --sharedstatedir=/opt/arene/sdk/v9.6.1/ivi/sa81x5/sysroots/x86_64-arenesdk-linux/com --localstatedir=/opt/arene/sdk/v9.6.1/ivi/sa81x5/sysroots/x86_64-arenesdk-linux/var --libdir=/opt/arene/sdk/v9.6.1/ivi/sa81x5/sysroots/x86_64-arenesdk-linux/usr/lib/aarch64-arene-linux --includedir=/opt/arene/sdk/v9.6.1/ivi/sa81x5/sysroots/x86_64-arenesdk-linux/usr/include --oldincludedir=/opt/arene/sdk/v9.6.1/ivi/sa81x5/sysroots/x86_64-arenesdk-linux/usr/include --infodir=/opt/arene/sdk/v9.6.1/ivi/sa81x5/sysroots/x86_64-arenesdk-linux/usr/share/info --mandir=/opt/arene/sdk/v9.6.1/ivi/sa81x5/sysroots/x86_64-arenesdk-linux/usr/share/man --disable-silent-rules --disable-dependency-tracking --with-libtool-sysroot=/workdir/build-qcom/tmp-glibc/work/x86_64-nativesdk-arenesdk-linux/gcc-cross-canadian-aarch64/9.5.0-r0/recipe-sysroot --with-gnu-ld --enable-shared --enable-languages=c,c++,fortran --enable-threads=posix --enable-multilib --enable-c99 --enable-long-long --enable-symvers=gnu --enable-libstdcxx-pch --program-prefix=aarch64-arene-linux- --without-local-prefix --disable-install-libiberty --enable-lto --disable-libssp --enable-libitm --disable-bootstrap --disable-libmudflap --with-system-zlib --with-linker-hash-style=gnu --enable-linker-build-id --with-ppl=no --with-cloog=no --enable-checking=release --enable-cheaders=c_global --without-isl --with-gxx-include-dir=/not/exist/usr/include/c++/9.5.0 --with-build-time-tools=/workdir/build-qcom/tmp-glibc/work/x86_64-nativesdk-arenesdk-linux/gcc-cross-canadian-aarch64/9.5.0-r0/recipe-sysroot-native/usr/aarch64-arene-linux/bin --with-sysroot=/not/exist --with-build-sysroot=/workdir/build-qcom/tmp-glibc/work/x86_64-nativesdk-arenesdk-linux/gcc-cross-canadian-aarch64/9.5.0-r0/recipe-sysroot --enable-poison-system-directories --enable-nls --with-glibc-version=2.28 --enable-initfini-array --enable-__cxa_atexit]
  ignore line: [Thread model: posix]
  ignore line: [gcc version 9.5.0 (GCC) ]
  ignore line: [COLLECT_GCC_OPTIONS='--sysroot=/home/dev/work/sdk/2024-07-11_05.15.00.A/sysroots/aarch64-arene-linux' '-mcpu=cortex-a76.cortex-a55' '-march=armv8.2-a' '-mabi=lp64' '-fstack-protector-strong' '-pie' '-fPIE' '-D' '_FORTIFY_SOURCE=2' '-Wformat=1' '-Wformat-security' '-Werror=format-security' '-fstack-clash-protection' '-I' '/home/dev/work/sdk/2024-07-11_05.15.00.A/sysroots/aarch64-arene-linux/usr/include/linux-msm' '-O2' '-pipe' '-fexpensive-optimizations' '-frename-registers' '-ftree-vectorize' '-finline-functions' '-finline-limit=64' '-Wno-error=maybe-uninitialized' '-Wno-error=unused-result' '-g' '-feliminate-unused-debug-types' '-fno-omit-frame-pointer' '-v' '-o' 'CMakeFiles/cmTC_8c786.dir/CMakeCCompilerABI.c.o' '-c' '-mlittle-endian']
  ignore line: [ /home/dev/work/sdk/2024-07-11_05.15.00.A/sysroots/x86_64-arenesdk-linux/usr/libexec/aarch64-arene-linux/gcc/aarch64-arene-linux/9.5.0/cc1 -quiet -v -I /home/dev/work/sdk/2024-07-11_05.15.00.A/sysroots/aarch64-arene-linux/usr/include/linux-msm -isysroot /home/dev/work/sdk/2024-07-11_05.15.00.A/sysroots/aarch64-arene-linux -D _FORTIFY_SOURCE=2 /home/dev/work/sdk/2024-07-11_05.15.00.A/sysroots/x86_64-arenesdk-linux/usr/share/cmake-3.21/Modules/CMakeCCompilerABI.c -quiet -dumpbase CMakeCCompilerABI.c -mcpu=cortex-a76.cortex-a55 -march=armv8.2-a -mabi=lp64 -mlittle-endian -auxbase-strip CMakeFiles/cmTC_8c786.dir/CMakeCCompilerABI.c.o -g -O2 -Wformat=1 -Wformat-security -Werror=format-security -Wno-error=maybe-uninitialized -Wno-error=unused-result -version -fstack-protector-strong -fPIE -fstack-clash-protection -fexpensive-optimizations -frename-registers -ftree-vectorize -finline-functions -finline-limit=64 -feliminate-unused-debug-types -fno-omit-frame-pointer -o - |]
  ignore line: [ /home/dev/work/sdk/2024-07-11_05.15.00.A/sysroots/x86_64-arenesdk-linux/usr/libexec/aarch64-arene-linux/gcc/aarch64-arene-linux/9.5.0/as -v -I /home/dev/work/sdk/2024-07-11_05.15.00.A/sysroots/aarch64-arene-linux/usr/include/linux-msm -EL -march=armv8.2-a -march=armv8.2-a+fp16+rcpc+dotprod -mabi=lp64 --noexecstack --noexecstack -o CMakeFiles/cmTC_8c786.dir/CMakeCCompilerABI.c.o]
  ignore line: [GNU assembler version 2.34.0 (aarch64-arene-linux) using BFD version (GNU Binutils) 2.34.0.20200910]
  ignore line: [GNU C17 (GCC) version 9.5.0 (aarch64-arene-linux)]
  ignore line: [	compiled by GNU C version 9.5.0  GMP version 6.2.0  MPFR version 4.0.2  MPC version 1.1.0  isl version none]
  ignore line: [GGC heuristics: --param ggc-min-expand=100 --param ggc-min-heapsize=131072]
  ignore line: [ignoring nonexistent directory "/home/dev/work/sdk/2024-07-11_05.15.00.A/sysroots/aarch64-arene-linux/usr/local/include"]
  ignore line: [ignoring nonexistent directory "/home/dev/work/sdk/2024-07-11_05.15.00.A/sysroots/x86_64-arenesdk-linux/usr/lib/aarch64-arene-linux/gcc/aarch64-arene-linux/9.5.0/../../../../../aarch64-arene-linux/include"]
  ignore line: [#include "..." search starts here:]
  ignore line: [#include <...> search starts here:]
  ignore line: [ /home/dev/work/sdk/2024-07-11_05.15.00.A/sysroots/aarch64-arene-linux/usr/include/linux-msm]
  ignore line: [ /home/dev/work/sdk/2024-07-11_05.15.00.A/sysroots/x86_64-arenesdk-linux/usr/lib/aarch64-arene-linux/gcc/aarch64-arene-linux/9.5.0/include]
  ignore line: [ /home/dev/work/sdk/2024-07-11_05.15.00.A/sysroots/aarch64-arene-linux/usr/lib/aarch64-arene-linux/9.5.0/include]
  ignore line: [ /home/dev/work/sdk/2024-07-11_05.15.00.A/sysroots/x86_64-arenesdk-linux/usr/lib/aarch64-arene-linux/gcc/aarch64-arene-linux/9.5.0/include-fixed]
  ignore line: [ /home/dev/work/sdk/2024-07-11_05.15.00.A/sysroots/aarch64-arene-linux/usr/include/]
  ignore line: [End of search list.]
  ignore line: [GNU C17 (GCC) version 9.5.0 (aarch64-arene-linux)]
  ignore line: [	compiled by GNU C version 9.5.0  GMP version 6.2.0  MPFR version 4.0.2  MPC version 1.1.0  isl version none]
  ignore line: [GGC heuristics: --param ggc-min-expand=100 --param ggc-min-heapsize=131072]
  ignore line: [Compiler executable checksum: ad02ed4e550fbf8065f8b702894ba69e]
  ignore line: [COMPILER_PATH=/home/dev/work/sdk/2024-07-11_05.15.00.A/sysroots/x86_64-arenesdk-linux/usr/libexec/aarch64-arene-linux/gcc/aarch64-arene-linux/9.5.0/:/home/dev/work/sdk/2024-07-11_05.15.00.A/sysroots/x86_64-arenesdk-linux/usr/libexec/aarch64-arene-linux/gcc/aarch64-arene-linux/9.5.0/:/home/dev/work/sdk/2024-07-11_05.15.00.A/sysroots/x86_64-arenesdk-linux/usr/libexec/aarch64-arene-linux/gcc/aarch64-arene-linux/:/home/dev/work/sdk/2024-07-11_05.15.00.A/sysroots/x86_64-arenesdk-linux/usr/lib/aarch64-arene-linux/gcc/aarch64-arene-linux/9.5.0/:/home/dev/work/sdk/2024-07-11_05.15.00.A/sysroots/x86_64-arenesdk-linux/usr/lib/aarch64-arene-linux/gcc/aarch64-arene-linux/]
  ignore line: [LIBRARY_PATH=/home/dev/work/sdk/2024-07-11_05.15.00.A/sysroots/x86_64-arenesdk-linux/usr/lib/aarch64-arene-linux/gcc/aarch64-arene-linux/9.5.0/:/home/dev/work/sdk/2024-07-11_05.15.00.A/sysroots/aarch64-arene-linux/lib/:/home/dev/work/sdk/2024-07-11_05.15.00.A/sysroots/aarch64-arene-linux/usr/lib/aarch64-arene-linux/9.5.0/:/home/dev/work/sdk/2024-07-11_05.15.00.A/sysroots/aarch64-arene-linux/usr/lib/]
  ignore line: [COLLECT_GCC_OPTIONS='--sysroot=/home/dev/work/sdk/2024-07-11_05.15.00.A/sysroots/aarch64-arene-linux' '-mcpu=cortex-a76.cortex-a55' '-march=armv8.2-a' '-mabi=lp64' '-fstack-protector-strong' '-pie' '-fPIE' '-D' '_FORTIFY_SOURCE=2' '-Wformat=1' '-Wformat-security' '-Werror=format-security' '-fstack-clash-protection' '-I' '/home/dev/work/sdk/2024-07-11_05.15.00.A/sysroots/aarch64-arene-linux/usr/include/linux-msm' '-O2' '-pipe' '-fexpensive-optimizations' '-frename-registers' '-ftree-vectorize' '-finline-functions' '-finline-limit=64' '-Wno-error=maybe-uninitialized' '-Wno-error=unused-result' '-g' '-feliminate-unused-debug-types' '-fno-omit-frame-pointer' '-v' '-o' 'CMakeFiles/cmTC_8c786.dir/CMakeCCompilerABI.c.o' '-c' '-mlittle-endian']
  ignore line: [Linking C executable cmTC_8c786]
  ignore line: [/home/dev/work/sdk/2024-07-11_05.15.00.A/sysroots/x86_64-arenesdk-linux/usr/bin/cmake -E cmake_link_script CMakeFiles/cmTC_8c786.dir/link.txt --verbose=1]
  ignore line: [/home/dev/work/sdk/2024-07-11_05.15.00.A/sysroots/x86_64-arenesdk-linux/usr/bin/aarch64-arene-linux/aarch64-arene-linux-gcc   -mcpu=cortex-a76.cortex-a55 -march=armv8.2-a -mabi=lp64  -fstack-protector-strong -Wa --noexecstack -pie -fPIE -D_FORTIFY_SOURCE=2 -Wformat -Wformat-security -Werror=format-security -fstack-clash-protection --sysroot=/home/dev/work/sdk/2024-07-11_05.15.00.A/sysroots/aarch64-arene-linux -I/home/dev/work/sdk/2024-07-11_05.15.00.A/sysroots/aarch64-arene-linux/usr/include/linux-msm --sysroot=/home/dev/work/sdk/2024-07-11_05.15.00.A/sysroots/aarch64-arene-linux  -O2 -pipe -Wa --noexecstack -fexpensive-optimizations -frename-registers -ftree-vectorize -finline-functions -finline-limit=64 -Wno-error=maybe-uninitialized -Wno-error=unused-result -g -feliminate-unused-debug-types  -fno-omit-frame-pointer   -Wl -O1 -Wl --hash-style=gnu -Wl --as-needed -Wl -z relro -z now -z noexecstack -v CMakeFiles/cmTC_8c786.dir/CMakeCCompilerABI.c.o -o cmTC_8c786 ]
  ignore line: [Using built-in specs.]
  ignore line: [COLLECT_AS_OPTIONS='--noexecstack' '--noexecstack']
  ignore line: [COLLECT_GCC=/home/dev/work/sdk/2024-07-11_05.15.00.A/sysroots/x86_64-arenesdk-linux/usr/bin/aarch64-arene-linux/aarch64-arene-linux-gcc]
  ignore line: [COLLECT_LTO_WRAPPER=/home/dev/work/sdk/2024-07-11_05.15.00.A/sysroots/x86_64-arenesdk-linux/usr/libexec/aarch64-arene-linux/gcc/aarch64-arene-linux/9.5.0/lto-wrapper]
  ignore line: [Target: aarch64-arene-linux]
  ignore line: [Configured with: ../../../../../work-shared/gcc-9.5.0-r0/gcc-9.5.0/configure --build=x86_64-linux --host=x86_64-arenesdk-linux --target=aarch64-arene-linux --prefix=/opt/arene/sdk/v9.6.1/ivi/sa81x5/sysroots/x86_64-arenesdk-linux/usr --exec_prefix=/opt/arene/sdk/v9.6.1/ivi/sa81x5/sysroots/x86_64-arenesdk-linux/usr --bindir=/opt/arene/sdk/v9.6.1/ivi/sa81x5/sysroots/x86_64-arenesdk-linux/usr/bin/aarch64-arene-linux --sbindir=/opt/arene/sdk/v9.6.1/ivi/sa81x5/sysroots/x86_64-arenesdk-linux/usr/bin/aarch64-arene-linux --libexecdir=/opt/arene/sdk/v9.6.1/ivi/sa81x5/sysroots/x86_64-arenesdk-linux/usr/libexec/aarch64-arene-linux --datadir=/opt/arene/sdk/v9.6.1/ivi/sa81x5/sysroots/x86_64-arenesdk-linux/usr/share --sysconfdir=/opt/arene/sdk/v9.6.1/ivi/sa81x5/sysroots/x86_64-arenesdk-linux/etc --sharedstatedir=/opt/arene/sdk/v9.6.1/ivi/sa81x5/sysroots/x86_64-arenesdk-linux/com --localstatedir=/opt/arene/sdk/v9.6.1/ivi/sa81x5/sysroots/x86_64-arenesdk-linux/var --libdir=/opt/arene/sdk/v9.6.1/ivi/sa81x5/sysroots/x86_64-arenesdk-linux/usr/lib/aarch64-arene-linux --includedir=/opt/arene/sdk/v9.6.1/ivi/sa81x5/sysroots/x86_64-arenesdk-linux/usr/include --oldincludedir=/opt/arene/sdk/v9.6.1/ivi/sa81x5/sysroots/x86_64-arenesdk-linux/usr/include --infodir=/opt/arene/sdk/v9.6.1/ivi/sa81x5/sysroots/x86_64-arenesdk-linux/usr/share/info --mandir=/opt/arene/sdk/v9.6.1/ivi/sa81x5/sysroots/x86_64-arenesdk-linux/usr/share/man --disable-silent-rules --disable-dependency-tracking --with-libtool-sysroot=/workdir/build-qcom/tmp-glibc/work/x86_64-nativesdk-arenesdk-linux/gcc-cross-canadian-aarch64/9.5.0-r0/recipe-sysroot --with-gnu-ld --enable-shared --enable-languages=c,c++,fortran --enable-threads=posix --enable-multilib --enable-c99 --enable-long-long --enable-symvers=gnu --enable-libstdcxx-pch --program-prefix=aarch64-arene-linux- --without-local-prefix --disable-install-libiberty --enable-lto --disable-libssp --enable-libitm --disable-bootstrap --disable-libmudflap --with-system-zlib --with-linker-hash-style=gnu --enable-linker-build-id --with-ppl=no --with-cloog=no --enable-checking=release --enable-cheaders=c_global --without-isl --with-gxx-include-dir=/not/exist/usr/include/c++/9.5.0 --with-build-time-tools=/workdir/build-qcom/tmp-glibc/work/x86_64-nativesdk-arenesdk-linux/gcc-cross-canadian-aarch64/9.5.0-r0/recipe-sysroot-native/usr/aarch64-arene-linux/bin --with-sysroot=/not/exist --with-build-sysroot=/workdir/build-qcom/tmp-glibc/work/x86_64-nativesdk-arenesdk-linux/gcc-cross-canadian-aarch64/9.5.0-r0/recipe-sysroot --enable-poison-system-directories --enable-nls --with-glibc-version=2.28 --enable-initfini-array --enable-__cxa_atexit]
  ignore line: [Thread model: posix]
  ignore line: [gcc version 9.5.0 (GCC) ]
  ignore line: [COMPILER_PATH=/home/dev/work/sdk/2024-07-11_05.15.00.A/sysroots/x86_64-arenesdk-linux/usr/libexec/aarch64-arene-linux/gcc/aarch64-arene-linux/9.5.0/:/home/dev/work/sdk/2024-07-11_05.15.00.A/sysroots/x86_64-arenesdk-linux/usr/libexec/aarch64-arene-linux/gcc/aarch64-arene-linux/9.5.0/:/home/dev/work/sdk/2024-07-11_05.15.00.A/sysroots/x86_64-arenesdk-linux/usr/libexec/aarch64-arene-linux/gcc/aarch64-arene-linux/:/home/dev/work/sdk/2024-07-11_05.15.00.A/sysroots/x86_64-arenesdk-linux/usr/lib/aarch64-arene-linux/gcc/aarch64-arene-linux/9.5.0/:/home/dev/work/sdk/2024-07-11_05.15.00.A/sysroots/x86_64-arenesdk-linux/usr/lib/aarch64-arene-linux/gcc/aarch64-arene-linux/]
  ignore line: [LIBRARY_PATH=/home/dev/work/sdk/2024-07-11_05.15.00.A/sysroots/x86_64-arenesdk-linux/usr/lib/aarch64-arene-linux/gcc/aarch64-arene-linux/9.5.0/:/home/dev/work/sdk/2024-07-11_05.15.00.A/sysroots/aarch64-arene-linux/lib/:/home/dev/work/sdk/2024-07-11_05.15.00.A/sysroots/aarch64-arene-linux/usr/lib/aarch64-arene-linux/9.5.0/:/home/dev/work/sdk/2024-07-11_05.15.00.A/sysroots/aarch64-arene-linux/usr/lib/]
  ignore line: [COLLECT_GCC_OPTIONS='--sysroot=/home/dev/work/sdk/2024-07-11_05.15.00.A/sysroots/aarch64-arene-linux' '-mcpu=cortex-a76.cortex-a55' '-march=armv8.2-a' '-mabi=lp64' '-fstack-protector-strong' '-pie' '-fPIE' '-D' '_FORTIFY_SOURCE=2' '-Wformat=1' '-Wformat-security' '-Werror=format-security' '-fstack-clash-protection' '-I' '/home/dev/work/sdk/2024-07-11_05.15.00.A/sysroots/aarch64-arene-linux/usr/include/linux-msm' '-O2' '-pipe' '-fexpensive-optimizations' '-frename-registers' '-ftree-vectorize' '-finline-functions' '-finline-limit=64' '-Wno-error=maybe-uninitialized' '-Wno-error=unused-result' '-g' '-feliminate-unused-debug-types' '-fno-omit-frame-pointer' '-v' '-o' 'cmTC_8c786' '-mlittle-endian']
  link line: [ /home/dev/work/sdk/2024-07-11_05.15.00.A/sysroots/x86_64-arenesdk-linux/usr/libexec/aarch64-arene-linux/gcc/aarch64-arene-linux/9.5.0/collect2 -plugin /home/dev/work/sdk/2024-07-11_05.15.00.A/sysroots/x86_64-arenesdk-linux/usr/libexec/aarch64-arene-linux/gcc/aarch64-arene-linux/9.5.0/liblto_plugin.so -plugin-opt=/home/dev/work/sdk/2024-07-11_05.15.00.A/sysroots/x86_64-arenesdk-linux/usr/libexec/aarch64-arene-linux/gcc/aarch64-arene-linux/9.5.0/lto-wrapper -plugin-opt=-fresolution=/tmp/ccem6tbt.res -plugin-opt=-pass-through=-lgcc -plugin-opt=-pass-through=-lgcc_s -plugin-opt=-pass-through=-lc -plugin-opt=-pass-through=-lgcc -plugin-opt=-pass-through=-lgcc_s --sysroot=/home/dev/work/sdk/2024-07-11_05.15.00.A/sysroots/aarch64-arene-linux --build-id --eh-frame-hdr --hash-style=gnu -dynamic-linker /lib/ld-linux-aarch64.so.1 -X -EL -maarch64linux -pie -o cmTC_8c786 /home/dev/work/sdk/2024-07-11_05.15.00.A/sysroots/aarch64-arene-linux/usr/lib/Scrt1.o /home/dev/work/sdk/2024-07-11_05.15.00.A/sysroots/aarch64-arene-linux/usr/lib/crti.o /home/dev/work/sdk/2024-07-11_05.15.00.A/sysroots/aarch64-arene-linux/usr/lib/aarch64-arene-linux/9.5.0/crtbeginS.o -L/home/dev/work/sdk/2024-07-11_05.15.00.A/sysroots/x86_64-arenesdk-linux/usr/lib/aarch64-arene-linux/gcc/aarch64-arene-linux/9.5.0 -L/home/dev/work/sdk/2024-07-11_05.15.00.A/sysroots/aarch64-arene-linux/lib -L/home/dev/work/sdk/2024-07-11_05.15.00.A/sysroots/aarch64-arene-linux/usr/lib/aarch64-arene-linux/9.5.0 -L/home/dev/work/sdk/2024-07-11_05.15.00.A/sysroots/aarch64-arene-linux/usr/lib -O1 --hash-style=gnu --as-needed -z relro -z now -z noexecstack CMakeFiles/cmTC_8c786.dir/CMakeCCompilerABI.c.o -lgcc --push-state --as-needed -lgcc_s --pop-state -lc -lgcc --push-state --as-needed -lgcc_s --pop-state /home/dev/work/sdk/2024-07-11_05.15.00.A/sysroots/aarch64-arene-linux/usr/lib/aarch64-arene-linux/9.5.0/crtendS.o /home/dev/work/sdk/2024-07-11_05.15.00.A/sysroots/aarch64-arene-linux/usr/lib/crtn.o]
    arg [/home/dev/work/sdk/2024-07-11_05.15.00.A/sysroots/x86_64-arenesdk-linux/usr/libexec/aarch64-arene-linux/gcc/aarch64-arene-linux/9.5.0/collect2] ==> ignore
    arg [-plugin] ==> ignore
    arg [/home/dev/work/sdk/2024-07-11_05.15.00.A/sysroots/x86_64-arenesdk-linux/usr/libexec/aarch64-arene-linux/gcc/aarch64-arene-linux/9.5.0/liblto_plugin.so] ==> ignore
    arg [-plugin-opt=/home/dev/work/sdk/2024-07-11_05.15.00.A/sysroots/x86_64-arenesdk-linux/usr/libexec/aarch64-arene-linux/gcc/aarch64-arene-linux/9.5.0/lto-wrapper] ==> ignore
    arg [-plugin-opt=-fresolution=/tmp/ccem6tbt.res] ==> ignore
    arg [-plugin-opt=-pass-through=-lgcc] ==> ignore
    arg [-plugin-opt=-pass-through=-lgcc_s] ==> ignore
    arg [-plugin-opt=-pass-through=-lc] ==> ignore
    arg [-plugin-opt=-pass-through=-lgcc] ==> ignore
    arg [-plugin-opt=-pass-through=-lgcc_s] ==> ignore
    arg [--sysroot=/home/dev/work/sdk/2024-07-11_05.15.00.A/sysroots/aarch64-arene-linux] ==> ignore
    arg [--build-id] ==> ignore
    arg [--eh-frame-hdr] ==> ignore
    arg [--hash-style=gnu] ==> ignore
    arg [-dynamic-linker] ==> ignore
    arg [/lib/ld-linux-aarch64.so.1] ==> ignore
    arg [-X] ==> ignore
    arg [-EL] ==> ignore
    arg [-maarch64linux] ==> ignore
    arg [-pie] ==> ignore
    arg [-o] ==> ignore
    arg [cmTC_8c786] ==> ignore
    arg [/home/dev/work/sdk/2024-07-11_05.15.00.A/sysroots/aarch64-arene-linux/usr/lib/Scrt1.o] ==> obj [/home/dev/work/sdk/2024-07-11_05.15.00.A/sysroots/aarch64-arene-linux/usr/lib/Scrt1.o]
    arg [/home/dev/work/sdk/2024-07-11_05.15.00.A/sysroots/aarch64-arene-linux/usr/lib/crti.o] ==> obj [/home/dev/work/sdk/2024-07-11_05.15.00.A/sysroots/aarch64-arene-linux/usr/lib/crti.o]
    arg [/home/dev/work/sdk/2024-07-11_05.15.00.A/sysroots/aarch64-arene-linux/usr/lib/aarch64-arene-linux/9.5.0/crtbeginS.o] ==> obj [/home/dev/work/sdk/2024-07-11_05.15.00.A/sysroots/aarch64-arene-linux/usr/lib/aarch64-arene-linux/9.5.0/crtbeginS.o]
    arg [-L/home/dev/work/sdk/2024-07-11_05.15.00.A/sysroots/x86_64-arenesdk-linux/usr/lib/aarch64-arene-linux/gcc/aarch64-arene-linux/9.5.0] ==> dir [/home/dev/work/sdk/2024-07-11_05.15.00.A/sysroots/x86_64-arenesdk-linux/usr/lib/aarch64-arene-linux/gcc/aarch64-arene-linux/9.5.0]
    arg [-L/home/dev/work/sdk/2024-07-11_05.15.00.A/sysroots/aarch64-arene-linux/lib] ==> dir [/home/dev/work/sdk/2024-07-11_05.15.00.A/sysroots/aarch64-arene-linux/lib]
    arg [-L/home/dev/work/sdk/2024-07-11_05.15.00.A/sysroots/aarch64-arene-linux/usr/lib/aarch64-arene-linux/9.5.0] ==> dir [/home/dev/work/sdk/2024-07-11_05.15.00.A/sysroots/aarch64-arene-linux/usr/lib/aarch64-arene-linux/9.5.0]
    arg [-L/home/dev/work/sdk/2024-07-11_05.15.00.A/sysroots/aarch64-arene-linux/usr/lib] ==> dir [/home/dev/work/sdk/2024-07-11_05.15.00.A/sysroots/aarch64-arene-linux/usr/lib]
    arg [-O1] ==> ignore
    arg [--hash-style=gnu] ==> ignore
    arg [--as-needed] ==> ignore
    arg [-zrelro] ==> ignore
    arg [-znow] ==> ignore
    arg [-znoexecstack] ==> ignore
    arg [CMakeFiles/cmTC_8c786.dir/CMakeCCompilerABI.c.o] ==> ignore
    arg [-lgcc] ==> lib [gcc]
    arg [--push-state] ==> ignore
    arg [--as-needed] ==> ignore
    arg [-lgcc_s] ==> lib [gcc_s]
    arg [--pop-state] ==> ignore
    arg [-lc] ==> lib [c]
    arg [-lgcc] ==> lib [gcc]
    arg [--push-state] ==> ignore
    arg [--as-needed] ==> ignore
    arg [-lgcc_s] ==> lib [gcc_s]
    arg [--pop-state] ==> ignore
    arg [/home/dev/work/sdk/2024-07-11_05.15.00.A/sysroots/aarch64-arene-linux/usr/lib/aarch64-arene-linux/9.5.0/crtendS.o] ==> obj [/home/dev/work/sdk/2024-07-11_05.15.00.A/sysroots/aarch64-arene-linux/usr/lib/aarch64-arene-linux/9.5.0/crtendS.o]
    arg [/home/dev/work/sdk/2024-07-11_05.15.00.A/sysroots/aarch64-arene-linux/usr/lib/crtn.o] ==> obj [/home/dev/work/sdk/2024-07-11_05.15.00.A/sysroots/aarch64-arene-linux/usr/lib/crtn.o]
  collapse library dir [/home/dev/work/sdk/2024-07-11_05.15.00.A/sysroots/x86_64-arenesdk-linux/usr/lib/aarch64-arene-linux/gcc/aarch64-arene-linux/9.5.0] ==> [/home/dev/work/sdk/2024-07-11_05.15.00.A/sysroots/x86_64-arenesdk-linux/usr/lib/aarch64-arene-linux/gcc/aarch64-arene-linux/9.5.0]
  collapse library dir [/home/dev/work/sdk/2024-07-11_05.15.00.A/sysroots/aarch64-arene-linux/lib] ==> [/home/dev/work/sdk/2024-07-11_05.15.00.A/sysroots/aarch64-arene-linux/lib]
  collapse library dir [/home/dev/work/sdk/2024-07-11_05.15.00.A/sysroots/aarch64-arene-linux/usr/lib/aarch64-arene-linux/9.5.0] ==> [/home/dev/work/sdk/2024-07-11_05.15.00.A/sysroots/aarch64-arene-linux/usr/lib/aarch64-arene-linux/9.5.0]
  collapse library dir [/home/dev/work/sdk/2024-07-11_05.15.00.A/sysroots/aarch64-arene-linux/usr/lib] ==> [/home/dev/work/sdk/2024-07-11_05.15.00.A/sysroots/aarch64-arene-linux/usr/lib]
  implicit libs: [gcc;gcc_s;c;gcc;gcc_s]
  implicit objs: [/home/dev/work/sdk/2024-07-11_05.15.00.A/sysroots/aarch64-arene-linux/usr/lib/Scrt1.o;/home/dev/work/sdk/2024-07-11_05.15.00.A/sysroots/aarch64-arene-linux/usr/lib/crti.o;/home/dev/work/sdk/2024-07-11_05.15.00.A/sysroots/aarch64-arene-linux/usr/lib/aarch64-arene-linux/9.5.0/crtbeginS.o;/home/dev/work/sdk/2024-07-11_05.15.00.A/sysroots/aarch64-arene-linux/usr/lib/aarch64-arene-linux/9.5.0/crtendS.o;/home/dev/work/sdk/2024-07-11_05.15.00.A/sysroots/aarch64-arene-linux/usr/lib/crtn.o]
  implicit dirs: [/home/dev/work/sdk/2024-07-11_05.15.00.A/sysroots/x86_64-arenesdk-linux/usr/lib/aarch64-arene-linux/gcc/aarch64-arene-linux/9.5.0;/home/dev/work/sdk/2024-07-11_05.15.00.A/sysroots/aarch64-arene-linux/lib;/home/dev/work/sdk/2024-07-11_05.15.00.A/sysroots/aarch64-arene-linux/usr/lib/aarch64-arene-linux/9.5.0;/home/dev/work/sdk/2024-07-11_05.15.00.A/sysroots/aarch64-arene-linux/usr/lib]
  implicit fwks: []


Detecting CXX compiler ABI info compiled with the following output:
Change Dir: /home/dev/work/Media/build/CMakeFiles/CMakeTmp

Run Build Command(s):/usr/bin/make -f Makefile cmTC_13695/fast && /usr/bin/make  -f CMakeFiles/cmTC_13695.dir/build.make CMakeFiles/cmTC_13695.dir/build
make[1]: Entering directory '/home/dev/work/Media/build/CMakeFiles/CMakeTmp'
Building CXX object CMakeFiles/cmTC_13695.dir/CMakeCXXCompilerABI.cpp.o
/home/dev/work/sdk/2024-07-11_05.15.00.A/sysroots/x86_64-arenesdk-linux/usr/bin/aarch64-arene-linux/aarch64-arene-linux-g++   -mcpu=cortex-a76.cortex-a55 -march=armv8.2-a -mabi=lp64  -fstack-protector-strong -Wa,--noexecstack -pie -fPIE -D_FORTIFY_SOURCE=2 -Wformat -Wformat-security -Werror=format-security -fstack-clash-protection --sysroot=/home/dev/work/sdk/2024-07-11_05.15.00.A/sysroots/aarch64-arene-linux -I/home/dev/work/sdk/2024-07-11_05.15.00.A/sysroots/aarch64-arene-linux/usr/include/linux-msm --sysroot=/home/dev/work/sdk/2024-07-11_05.15.00.A/sysroots/aarch64-arene-linux   -O2 -pipe -Wa,--noexecstack -fexpensive-optimizations -frename-registers -ftree-vectorize -finline-functions -finline-limit=64 -Wno-error=maybe-uninitialized -Wno-error=unused-result -g -feliminate-unused-debug-types  -fno-omit-frame-pointer     -v -o CMakeFiles/cmTC_13695.dir/CMakeCXXCompilerABI.cpp.o -c /home/dev/work/sdk/2024-07-11_05.15.00.A/sysroots/x86_64-arenesdk-linux/usr/share/cmake-3.21/Modules/CMakeCXXCompilerABI.cpp
Using built-in specs.
COLLECT_AS_OPTIONS='--noexecstack' '--noexecstack'
COLLECT_GCC=/home/dev/work/sdk/2024-07-11_05.15.00.A/sysroots/x86_64-arenesdk-linux/usr/bin/aarch64-arene-linux/aarch64-arene-linux-g++
Target: aarch64-arene-linux
Configured with: ../../../../../work-shared/gcc-9.5.0-r0/gcc-9.5.0/configure --build=x86_64-linux --host=x86_64-arenesdk-linux --target=aarch64-arene-linux --prefix=/opt/arene/sdk/v9.6.1/ivi/sa81x5/sysroots/x86_64-arenesdk-linux/usr --exec_prefix=/opt/arene/sdk/v9.6.1/ivi/sa81x5/sysroots/x86_64-arenesdk-linux/usr --bindir=/opt/arene/sdk/v9.6.1/ivi/sa81x5/sysroots/x86_64-arenesdk-linux/usr/bin/aarch64-arene-linux --sbindir=/opt/arene/sdk/v9.6.1/ivi/sa81x5/sysroots/x86_64-arenesdk-linux/usr/bin/aarch64-arene-linux --libexecdir=/opt/arene/sdk/v9.6.1/ivi/sa81x5/sysroots/x86_64-arenesdk-linux/usr/libexec/aarch64-arene-linux --datadir=/opt/arene/sdk/v9.6.1/ivi/sa81x5/sysroots/x86_64-arenesdk-linux/usr/share --sysconfdir=/opt/arene/sdk/v9.6.1/ivi/sa81x5/sysroots/x86_64-arenesdk-linux/etc --sharedstatedir=/opt/arene/sdk/v9.6.1/ivi/sa81x5/sysroots/x86_64-arenesdk-linux/com --localstatedir=/opt/arene/sdk/v9.6.1/ivi/sa81x5/sysroots/x86_64-arenesdk-linux/var --libdir=/opt/arene/sdk/v9.6.1/ivi/sa81x5/sysroots/x86_64-arenesdk-linux/usr/lib/aarch64-arene-linux --includedir=/opt/arene/sdk/v9.6.1/ivi/sa81x5/sysroots/x86_64-arenesdk-linux/usr/include --oldincludedir=/opt/arene/sdk/v9.6.1/ivi/sa81x5/sysroots/x86_64-arenesdk-linux/usr/include --infodir=/opt/arene/sdk/v9.6.1/ivi/sa81x5/sysroots/x86_64-arenesdk-linux/usr/share/info --mandir=/opt/arene/sdk/v9.6.1/ivi/sa81x5/sysroots/x86_64-arenesdk-linux/usr/share/man --disable-silent-rules --disable-dependency-tracking --with-libtool-sysroot=/workdir/build-qcom/tmp-glibc/work/x86_64-nativesdk-arenesdk-linux/gcc-cross-canadian-aarch64/9.5.0-r0/recipe-sysroot --with-gnu-ld --enable-shared --enable-languages=c,c++,fortran --enable-threads=posix --enable-multilib --enable-c99 --enable-long-long --enable-symvers=gnu --enable-libstdcxx-pch --program-prefix=aarch64-arene-linux- --without-local-prefix --disable-install-libiberty --enable-lto --disable-libssp --enable-libitm --disable-bootstrap --disable-libmudflap --with-system-zlib --with-linker-hash-style=gnu --enable-linker-build-id --with-ppl=no --with-cloog=no --enable-checking=release --enable-cheaders=c_global --without-isl --with-gxx-include-dir=/not/exist/usr/include/c++/9.5.0 --with-build-time-tools=/workdir/build-qcom/tmp-glibc/work/x86_64-nativesdk-arenesdk-linux/gcc-cross-canadian-aarch64/9.5.0-r0/recipe-sysroot-native/usr/aarch64-arene-linux/bin --with-sysroot=/not/exist --with-build-sysroot=/workdir/build-qcom/tmp-glibc/work/x86_64-nativesdk-arenesdk-linux/gcc-cross-canadian-aarch64/9.5.0-r0/recipe-sysroot --enable-poison-system-directories --enable-nls --with-glibc-version=2.28 --enable-initfini-array --enable-__cxa_atexit
Thread model: posix
gcc version 9.5.0 (GCC) 
COLLECT_GCC_OPTIONS='--sysroot=/home/dev/work/sdk/2024-07-11_05.15.00.A/sysroots/aarch64-arene-linux' '-mcpu=cortex-a76.cortex-a55' '-march=armv8.2-a' '-mabi=lp64' '-fstack-protector-strong' '-pie' '-fPIE' '-D' '_FORTIFY_SOURCE=2' '-Wformat=1' '-Wformat-security' '-Werror=format-security' '-fstack-clash-protection' '-I' '/home/dev/work/sdk/2024-07-11_05.15.00.A/sysroots/aarch64-arene-linux/usr/include/linux-msm' '-O2' '-pipe' '-fexpensive-optimizations' '-frename-registers' '-ftree-vectorize' '-finline-functions' '-finline-limit=64' '-Wno-error=maybe-uninitialized' '-Wno-error=unused-result' '-g' '-feliminate-unused-debug-types' '-fno-omit-frame-pointer' '-v' '-o' 'CMakeFiles/cmTC_13695.dir/CMakeCXXCompilerABI.cpp.o' '-c' '-shared-libgcc' '-mlittle-endian'
 /home/dev/work/sdk/2024-07-11_05.15.00.A/sysroots/x86_64-arenesdk-linux/usr/libexec/aarch64-arene-linux/gcc/aarch64-arene-linux/9.5.0/cc1plus -quiet -v -I /home/dev/work/sdk/2024-07-11_05.15.00.A/sysroots/aarch64-arene-linux/usr/include/linux-msm -isysroot /home/dev/work/sdk/2024-07-11_05.15.00.A/sysroots/aarch64-arene-linux -D_GNU_SOURCE -D _FORTIFY_SOURCE=2 /home/dev/work/sdk/2024-07-11_05.15.00.A/sysroots/x86_64-arenesdk-linux/usr/share/cmake-3.21/Modules/CMakeCXXCompilerABI.cpp -quiet -dumpbase CMakeCXXCompilerABI.cpp -mcpu=cortex-a76.cortex-a55 -march=armv8.2-a -mabi=lp64 -mlittle-endian -auxbase-strip CMakeFiles/cmTC_13695.dir/CMakeCXXCompilerABI.cpp.o -g -O2 -Wformat=1 -Wformat-security -Werror=format-security -Wno-error=maybe-uninitialized -Wno-error=unused-result -version -fstack-protector-strong -fPIE -fstack-clash-protection -fexpensive-optimizations -frename-registers -ftree-vectorize -finline-functions -finline-limit=64 -feliminate-unused-debug-types -fno-omit-frame-pointer -o - |
 /home/dev/work/sdk/2024-07-11_05.15.00.A/sysroots/x86_64-arenesdk-linux/usr/libexec/aarch64-arene-linux/gcc/aarch64-arene-linux/9.5.0/as -v -I /home/dev/work/sdk/2024-07-11_05.15.00.A/sysroots/aarch64-arene-linux/usr/include/linux-msm -EL -march=armv8.2-a -march=armv8.2-a+fp16+rcpc+dotprod -mabi=lp64 --noexecstack --noexecstack -o CMakeFiles/cmTC_13695.dir/CMakeCXXCompilerABI.cpp.o
GNU assembler version 2.34.0 (aarch64-arene-linux) using BFD version (GNU Binutils) 2.34.0.20200910
GNU C++14 (GCC) version 9.5.0 (aarch64-arene-linux)
	compiled by GNU C version 9.5.0, GMP version 6.2.0, MPFR version 4.0.2, MPC version 1.1.0, isl version none
GGC heuristics: --param ggc-min-expand=100 --param ggc-min-heapsize=131072
ignoring nonexistent directory "/home/dev/work/sdk/2024-07-11_05.15.00.A/sysroots/aarch64-arene-linux/usr/local/include"
ignoring nonexistent directory "/home/dev/work/sdk/2024-07-11_05.15.00.A/sysroots/x86_64-arenesdk-linux/usr/lib/aarch64-arene-linux/gcc/aarch64-arene-linux/9.5.0/../../../../../aarch64-arene-linux/include"
#include "..." search starts here:
#include <...> search starts here:
 /home/dev/work/sdk/2024-07-11_05.15.00.A/sysroots/aarch64-arene-linux/usr/include/linux-msm
 /home/dev/work/sdk/2024-07-11_05.15.00.A/sysroots/aarch64-arene-linux/usr/include/c++/9.5.0
 /home/dev/work/sdk/2024-07-11_05.15.00.A/sysroots/aarch64-arene-linux/usr/include/c++/9.5.0/aarch64-arene-linux
 /home/dev/work/sdk/2024-07-11_05.15.00.A/sysroots/aarch64-arene-linux/usr/include/c++/9.5.0/backward
 /home/dev/work/sdk/2024-07-11_05.15.00.A/sysroots/x86_64-arenesdk-linux/usr/lib/aarch64-arene-linux/gcc/aarch64-arene-linux/9.5.0/include
 /home/dev/work/sdk/2024-07-11_05.15.00.A/sysroots/aarch64-arene-linux/usr/lib/aarch64-arene-linux/9.5.0/include
 /home/dev/work/sdk/2024-07-11_05.15.00.A/sysroots/x86_64-arenesdk-linux/usr/lib/aarch64-arene-linux/gcc/aarch64-arene-linux/9.5.0/include-fixed
 /home/dev/work/sdk/2024-07-11_05.15.00.A/sysroots/aarch64-arene-linux/usr/include/
End of search list.
GNU C++14 (GCC) version 9.5.0 (aarch64-arene-linux)
	compiled by GNU C version 9.5.0, GMP version 6.2.0, MPFR version 4.0.2, MPC version 1.1.0, isl version none
GGC heuristics: --param ggc-min-expand=100 --param ggc-min-heapsize=131072
Compiler executable checksum: 8dc39add5b32502691cabbc7bd142378
COMPILER_PATH=/home/dev/work/sdk/2024-07-11_05.15.00.A/sysroots/x86_64-arenesdk-linux/usr/libexec/aarch64-arene-linux/gcc/aarch64-arene-linux/9.5.0/:/home/dev/work/sdk/2024-07-11_05.15.00.A/sysroots/x86_64-arenesdk-linux/usr/libexec/aarch64-arene-linux/gcc/aarch64-arene-linux/9.5.0/:/home/dev/work/sdk/2024-07-11_05.15.00.A/sysroots/x86_64-arenesdk-linux/usr/libexec/aarch64-arene-linux/gcc/aarch64-arene-linux/:/home/dev/work/sdk/2024-07-11_05.15.00.A/sysroots/x86_64-arenesdk-linux/usr/lib/aarch64-arene-linux/gcc/aarch64-arene-linux/9.5.0/:/home/dev/work/sdk/2024-07-11_05.15.00.A/sysroots/x86_64-arenesdk-linux/usr/lib/aarch64-arene-linux/gcc/aarch64-arene-linux/
LIBRARY_PATH=/home/dev/work/sdk/2024-07-11_05.15.00.A/sysroots/x86_64-arenesdk-linux/usr/lib/aarch64-arene-linux/gcc/aarch64-arene-linux/9.5.0/:/home/dev/work/sdk/2024-07-11_05.15.00.A/sysroots/aarch64-arene-linux/lib/:/home/dev/work/sdk/2024-07-11_05.15.00.A/sysroots/aarch64-arene-linux/usr/lib/aarch64-arene-linux/9.5.0/:/home/dev/work/sdk/2024-07-11_05.15.00.A/sysroots/aarch64-arene-linux/usr/lib/
COLLECT_GCC_OPTIONS='--sysroot=/home/dev/work/sdk/2024-07-11_05.15.00.A/sysroots/aarch64-arene-linux' '-mcpu=cortex-a76.cortex-a55' '-march=armv8.2-a' '-mabi=lp64' '-fstack-protector-strong' '-pie' '-fPIE' '-D' '_FORTIFY_SOURCE=2' '-Wformat=1' '-Wformat-security' '-Werror=format-security' '-fstack-clash-protection' '-I' '/home/dev/work/sdk/2024-07-11_05.15.00.A/sysroots/aarch64-arene-linux/usr/include/linux-msm' '-O2' '-pipe' '-fexpensive-optimizations' '-frename-registers' '-ftree-vectorize' '-finline-functions' '-finline-limit=64' '-Wno-error=maybe-uninitialized' '-Wno-error=unused-result' '-g' '-feliminate-unused-debug-types' '-fno-omit-frame-pointer' '-v' '-o' 'CMakeFiles/cmTC_13695.dir/CMakeCXXCompilerABI.cpp.o' '-c' '-shared-libgcc' '-mlittle-endian'
Linking CXX executable cmTC_13695
/home/dev/work/sdk/2024-07-11_05.15.00.A/sysroots/x86_64-arenesdk-linux/usr/bin/cmake -E cmake_link_script CMakeFiles/cmTC_13695.dir/link.txt --verbose=1
/home/dev/work/sdk/2024-07-11_05.15.00.A/sysroots/x86_64-arenesdk-linux/usr/bin/aarch64-arene-linux/aarch64-arene-linux-g++   -mcpu=cortex-a76.cortex-a55 -march=armv8.2-a -mabi=lp64  -fstack-protector-strong -Wa,--noexecstack -pie -fPIE -D_FORTIFY_SOURCE=2 -Wformat -Wformat-security -Werror=format-security -fstack-clash-protection --sysroot=/home/dev/work/sdk/2024-07-11_05.15.00.A/sysroots/aarch64-arene-linux -I/home/dev/work/sdk/2024-07-11_05.15.00.A/sysroots/aarch64-arene-linux/usr/include/linux-msm --sysroot=/home/dev/work/sdk/2024-07-11_05.15.00.A/sysroots/aarch64-arene-linux  -O2 -pipe -Wa,--noexecstack -fexpensive-optimizations -frename-registers -ftree-vectorize -finline-functions -finline-limit=64 -Wno-error=maybe-uninitialized -Wno-error=unused-result -g -feliminate-unused-debug-types  -fno-omit-frame-pointer   -Wl,-O1 -Wl,--hash-style=gnu -Wl,--as-needed -Wl,-z,relro,-z,now,-z,noexecstack -v CMakeFiles/cmTC_13695.dir/CMakeCXXCompilerABI.cpp.o -o cmTC_13695 
Using built-in specs.
COLLECT_AS_OPTIONS='--noexecstack' '--noexecstack'
COLLECT_GCC=/home/dev/work/sdk/2024-07-11_05.15.00.A/sysroots/x86_64-arenesdk-linux/usr/bin/aarch64-arene-linux/aarch64-arene-linux-g++
COLLECT_LTO_WRAPPER=/home/dev/work/sdk/2024-07-11_05.15.00.A/sysroots/x86_64-arenesdk-linux/usr/libexec/aarch64-arene-linux/gcc/aarch64-arene-linux/9.5.0/lto-wrapper
Target: aarch64-arene-linux
Configured with: ../../../../../work-shared/gcc-9.5.0-r0/gcc-9.5.0/configure --build=x86_64-linux --host=x86_64-arenesdk-linux --target=aarch64-arene-linux --prefix=/opt/arene/sdk/v9.6.1/ivi/sa81x5/sysroots/x86_64-arenesdk-linux/usr --exec_prefix=/opt/arene/sdk/v9.6.1/ivi/sa81x5/sysroots/x86_64-arenesdk-linux/usr --bindir=/opt/arene/sdk/v9.6.1/ivi/sa81x5/sysroots/x86_64-arenesdk-linux/usr/bin/aarch64-arene-linux --sbindir=/opt/arene/sdk/v9.6.1/ivi/sa81x5/sysroots/x86_64-arenesdk-linux/usr/bin/aarch64-arene-linux --libexecdir=/opt/arene/sdk/v9.6.1/ivi/sa81x5/sysroots/x86_64-arenesdk-linux/usr/libexec/aarch64-arene-linux --datadir=/opt/arene/sdk/v9.6.1/ivi/sa81x5/sysroots/x86_64-arenesdk-linux/usr/share --sysconfdir=/opt/arene/sdk/v9.6.1/ivi/sa81x5/sysroots/x86_64-arenesdk-linux/etc --sharedstatedir=/opt/arene/sdk/v9.6.1/ivi/sa81x5/sysroots/x86_64-arenesdk-linux/com --localstatedir=/opt/arene/sdk/v9.6.1/ivi/sa81x5/sysroots/x86_64-arenesdk-linux/var --libdir=/opt/arene/sdk/v9.6.1/ivi/sa81x5/sysroots/x86_64-arenesdk-linux/usr/lib/aarch64-arene-linux --includedir=/opt/arene/sdk/v9.6.1/ivi/sa81x5/sysroots/x86_64-arenesdk-linux/usr/include --oldincludedir=/opt/arene/sdk/v9.6.1/ivi/sa81x5/sysroots/x86_64-arenesdk-linux/usr/include --infodir=/opt/arene/sdk/v9.6.1/ivi/sa81x5/sysroots/x86_64-arenesdk-linux/usr/share/info --mandir=/opt/arene/sdk/v9.6.1/ivi/sa81x5/sysroots/x86_64-arenesdk-linux/usr/share/man --disable-silent-rules --disable-dependency-tracking --with-libtool-sysroot=/workdir/build-qcom/tmp-glibc/work/x86_64-nativesdk-arenesdk-linux/gcc-cross-canadian-aarch64/9.5.0-r0/recipe-sysroot --with-gnu-ld --enable-shared --enable-languages=c,c++,fortran --enable-threads=posix --enable-multilib --enable-c99 --enable-long-long --enable-symvers=gnu --enable-libstdcxx-pch --program-prefix=aarch64-arene-linux- --without-local-prefix --disable-install-libiberty --enable-lto --disable-libssp --enable-libitm --disable-bootstrap --disable-libmudflap --with-system-zlib --with-linker-hash-style=gnu --enable-linker-build-id --with-ppl=no --with-cloog=no --enable-checking=release --enable-cheaders=c_global --without-isl --with-gxx-include-dir=/not/exist/usr/include/c++/9.5.0 --with-build-time-tools=/workdir/build-qcom/tmp-glibc/work/x86_64-nativesdk-arenesdk-linux/gcc-cross-canadian-aarch64/9.5.0-r0/recipe-sysroot-native/usr/aarch64-arene-linux/bin --with-sysroot=/not/exist --with-build-sysroot=/workdir/build-qcom/tmp-glibc/work/x86_64-nativesdk-arenesdk-linux/gcc-cross-canadian-aarch64/9.5.0-r0/recipe-sysroot --enable-poison-system-directories --enable-nls --with-glibc-version=2.28 --enable-initfini-array --enable-__cxa_atexit
Thread model: posix
gcc version 9.5.0 (GCC) 
COMPILER_PATH=/home/dev/work/sdk/2024-07-11_05.15.00.A/sysroots/x86_64-arenesdk-linux/usr/libexec/aarch64-arene-linux/gcc/aarch64-arene-linux/9.5.0/:/home/dev/work/sdk/2024-07-11_05.15.00.A/sysroots/x86_64-arenesdk-linux/usr/libexec/aarch64-arene-linux/gcc/aarch64-arene-linux/9.5.0/:/home/dev/work/sdk/2024-07-11_05.15.00.A/sysroots/x86_64-arenesdk-linux/usr/libexec/aarch64-arene-linux/gcc/aarch64-arene-linux/:/home/dev/work/sdk/2024-07-11_05.15.00.A/sysroots/x86_64-arenesdk-linux/usr/lib/aarch64-arene-linux/gcc/aarch64-arene-linux/9.5.0/:/home/dev/work/sdk/2024-07-11_05.15.00.A/sysroots/x86_64-arenesdk-linux/usr/lib/aarch64-arene-linux/gcc/aarch64-arene-linux/
LIBRARY_PATH=/home/dev/work/sdk/2024-07-11_05.15.00.A/sysroots/x86_64-arenesdk-linux/usr/lib/aarch64-arene-linux/gcc/aarch64-arene-linux/9.5.0/:/home/dev/work/sdk/2024-07-11_05.15.00.A/sysroots/aarch64-arene-linux/lib/:/home/dev/work/sdk/2024-07-11_05.15.00.A/sysroots/aarch64-arene-linux/usr/lib/aarch64-arene-linux/9.5.0/:/home/dev/work/sdk/2024-07-11_05.15.00.A/sysroots/aarch64-arene-linux/usr/lib/
COLLECT_GCC_OPTIONS='--sysroot=/home/dev/work/sdk/2024-07-11_05.15.00.A/sysroots/aarch64-arene-linux' '-mcpu=cortex-a76.cortex-a55' '-march=armv8.2-a' '-mabi=lp64' '-fstack-protector-strong' '-pie' '-fPIE' '-D' '_FORTIFY_SOURCE=2' '-Wformat=1' '-Wformat-security' '-Werror=format-security' '-fstack-clash-protection' '-I' '/home/dev/work/sdk/2024-07-11_05.15.00.A/sysroots/aarch64-arene-linux/usr/include/linux-msm' '-O2' '-pipe' '-fexpensive-optimizations' '-frename-registers' '-ftree-vectorize' '-finline-functions' '-finline-limit=64' '-Wno-error=maybe-uninitialized' '-Wno-error=unused-result' '-g' '-feliminate-unused-debug-types' '-fno-omit-frame-pointer' '-v' '-o' 'cmTC_13695' '-shared-libgcc' '-mlittle-endian'
 /home/dev/work/sdk/2024-07-11_05.15.00.A/sysroots/x86_64-arenesdk-linux/usr/libexec/aarch64-arene-linux/gcc/aarch64-arene-linux/9.5.0/collect2 -plugin /home/dev/work/sdk/2024-07-11_05.15.00.A/sysroots/x86_64-arenesdk-linux/usr/libexec/aarch64-arene-linux/gcc/aarch64-arene-linux/9.5.0/liblto_plugin.so -plugin-opt=/home/dev/work/sdk/2024-07-11_05.15.00.A/sysroots/x86_64-arenesdk-linux/usr/libexec/aarch64-arene-linux/gcc/aarch64-arene-linux/9.5.0/lto-wrapper -plugin-opt=-fresolution=/tmp/ccQtRWCs.res -plugin-opt=-pass-through=-lgcc_s -plugin-opt=-pass-through=-lgcc -plugin-opt=-pass-through=-lc -plugin-opt=-pass-through=-lgcc_s -plugin-opt=-pass-through=-lgcc --sysroot=/home/dev/work/sdk/2024-07-11_05.15.00.A/sysroots/aarch64-arene-linux --build-id --eh-frame-hdr --hash-style=gnu -dynamic-linker /lib/ld-linux-aarch64.so.1 -X -EL -maarch64linux -pie -o cmTC_13695 /home/dev/work/sdk/2024-07-11_05.15.00.A/sysroots/aarch64-arene-linux/usr/lib/Scrt1.o /home/dev/work/sdk/2024-07-11_05.15.00.A/sysroots/aarch64-arene-linux/usr/lib/crti.o /home/dev/work/sdk/2024-07-11_05.15.00.A/sysroots/aarch64-arene-linux/usr/lib/aarch64-arene-linux/9.5.0/crtbeginS.o -L/home/dev/work/sdk/2024-07-11_05.15.00.A/sysroots/x86_64-arenesdk-linux/usr/lib/aarch64-arene-linux/gcc/aarch64-arene-linux/9.5.0 -L/home/dev/work/sdk/2024-07-11_05.15.00.A/sysroots/aarch64-arene-linux/lib -L/home/dev/work/sdk/2024-07-11_05.15.00.A/sysroots/aarch64-arene-linux/usr/lib/aarch64-arene-linux/9.5.0 -L/home/dev/work/sdk/2024-07-11_05.15.00.A/sysroots/aarch64-arene-linux/usr/lib -O1 --hash-style=gnu --as-needed -z relro -z now -z noexecstack CMakeFiles/cmTC_13695.dir/CMakeCXXCompilerABI.cpp.o -lstdc++ -lm -lgcc_s -lgcc -lc -lgcc_s -lgcc /home/dev/work/sdk/2024-07-11_05.15.00.A/sysroots/aarch64-arene-linux/usr/lib/aarch64-arene-linux/9.5.0/crtendS.o /home/dev/work/sdk/2024-07-11_05.15.00.A/sysroots/aarch64-arene-linux/usr/lib/crtn.o
COLLECT_GCC_OPTIONS='--sysroot=/home/dev/work/sdk/2024-07-11_05.15.00.A/sysroots/aarch64-arene-linux' '-mcpu=cortex-a76.cortex-a55' '-march=armv8.2-a' '-mabi=lp64' '-fstack-protector-strong' '-pie' '-fPIE' '-D' '_FORTIFY_SOURCE=2' '-Wformat=1' '-Wformat-security' '-Werror=format-security' '-fstack-clash-protection' '-I' '/home/dev/work/sdk/2024-07-11_05.15.00.A/sysroots/aarch64-arene-linux/usr/include/linux-msm' '-O2' '-pipe' '-fexpensive-optimizations' '-frename-registers' '-ftree-vectorize' '-finline-functions' '-finline-limit=64' '-Wno-error=maybe-uninitialized' '-Wno-error=unused-result' '-g' '-feliminate-unused-debug-types' '-fno-omit-frame-pointer' '-v' '-o' 'cmTC_13695' '-shared-libgcc' '-mlittle-endian'
make[1]: Leaving directory '/home/dev/work/Media/build/CMakeFiles/CMakeTmp'



Parsed CXX implicit include dir info from above output: rv=done
  found start of include info
  found start of implicit include info
    add: [/home/dev/work/sdk/2024-07-11_05.15.00.A/sysroots/aarch64-arene-linux/usr/include/linux-msm]
    add: [/home/dev/work/sdk/2024-07-11_05.15.00.A/sysroots/aarch64-arene-linux/usr/include/c++/9.5.0]
    add: [/home/dev/work/sdk/2024-07-11_05.15.00.A/sysroots/aarch64-arene-linux/usr/include/c++/9.5.0/aarch64-arene-linux]
    add: [/home/dev/work/sdk/2024-07-11_05.15.00.A/sysroots/aarch64-arene-linux/usr/include/c++/9.5.0/backward]
    add: [/home/dev/work/sdk/2024-07-11_05.15.00.A/sysroots/x86_64-arenesdk-linux/usr/lib/aarch64-arene-linux/gcc/aarch64-arene-linux/9.5.0/include]
    add: [/home/dev/work/sdk/2024-07-11_05.15.00.A/sysroots/aarch64-arene-linux/usr/lib/aarch64-arene-linux/9.5.0/include]
    add: [/home/dev/work/sdk/2024-07-11_05.15.00.A/sysroots/x86_64-arenesdk-linux/usr/lib/aarch64-arene-linux/gcc/aarch64-arene-linux/9.5.0/include-fixed]
    add: [/home/dev/work/sdk/2024-07-11_05.15.00.A/sysroots/aarch64-arene-linux/usr/include/]
  end of search list found
  collapse include dir [/home/dev/work/sdk/2024-07-11_05.15.00.A/sysroots/aarch64-arene-linux/usr/include/linux-msm] ==> [/home/dev/work/sdk/2024-07-11_05.15.00.A/sysroots/aarch64-arene-linux/usr/include/linux-msm]
  collapse include dir [/home/dev/work/sdk/2024-07-11_05.15.00.A/sysroots/aarch64-arene-linux/usr/include/c++/9.5.0] ==> [/home/dev/work/sdk/2024-07-11_05.15.00.A/sysroots/aarch64-arene-linux/usr/include/c++/9.5.0]
  collapse include dir [/home/dev/work/sdk/2024-07-11_05.15.00.A/sysroots/aarch64-arene-linux/usr/include/c++/9.5.0/aarch64-arene-linux] ==> [/home/dev/work/sdk/2024-07-11_05.15.00.A/sysroots/aarch64-arene-linux/usr/include/c++/9.5.0/aarch64-arene-linux]
  collapse include dir [/home/dev/work/sdk/2024-07-11_05.15.00.A/sysroots/aarch64-arene-linux/usr/include/c++/9.5.0/backward] ==> [/home/dev/work/sdk/2024-07-11_05.15.00.A/sysroots/aarch64-arene-linux/usr/include/c++/9.5.0/backward]
  collapse include dir [/home/dev/work/sdk/2024-07-11_05.15.00.A/sysroots/x86_64-arenesdk-linux/usr/lib/aarch64-arene-linux/gcc/aarch64-arene-linux/9.5.0/include] ==> [/home/dev/work/sdk/2024-07-11_05.15.00.A/sysroots/x86_64-arenesdk-linux/usr/lib/aarch64-arene-linux/gcc/aarch64-arene-linux/9.5.0/include]
  collapse include dir [/home/dev/work/sdk/2024-07-11_05.15.00.A/sysroots/aarch64-arene-linux/usr/lib/aarch64-arene-linux/9.5.0/include] ==> [/home/dev/work/sdk/2024-07-11_05.15.00.A/sysroots/aarch64-arene-linux/usr/lib/aarch64-arene-linux/9.5.0/include]
  collapse include dir [/home/dev/work/sdk/2024-07-11_05.15.00.A/sysroots/x86_64-arenesdk-linux/usr/lib/aarch64-arene-linux/gcc/aarch64-arene-linux/9.5.0/include-fixed] ==> [/home/dev/work/sdk/2024-07-11_05.15.00.A/sysroots/x86_64-arenesdk-linux/usr/lib/aarch64-arene-linux/gcc/aarch64-arene-linux/9.5.0/include-fixed]
  collapse include dir [/home/dev/work/sdk/2024-07-11_05.15.00.A/sysroots/aarch64-arene-linux/usr/include/] ==> [/home/dev/work/sdk/2024-07-11_05.15.00.A/sysroots/aarch64-arene-linux/usr/include]
  implicit include dirs: [/home/dev/work/sdk/2024-07-11_05.15.00.A/sysroots/aarch64-arene-linux/usr/include/linux-msm;/home/dev/work/sdk/2024-07-11_05.15.00.A/sysroots/aarch64-arene-linux/usr/include/c++/9.5.0;/home/dev/work/sdk/2024-07-11_05.15.00.A/sysroots/aarch64-arene-linux/usr/include/c++/9.5.0/aarch64-arene-linux;/home/dev/work/sdk/2024-07-11_05.15.00.A/sysroots/aarch64-arene-linux/usr/include/c++/9.5.0/backward;/home/dev/work/sdk/2024-07-11_05.15.00.A/sysroots/x86_64-arenesdk-linux/usr/lib/aarch64-arene-linux/gcc/aarch64-arene-linux/9.5.0/include;/home/dev/work/sdk/2024-07-11_05.15.00.A/sysroots/aarch64-arene-linux/usr/lib/aarch64-arene-linux/9.5.0/include;/home/dev/work/sdk/2024-07-11_05.15.00.A/sysroots/x86_64-arenesdk-linux/usr/lib/aarch64-arene-linux/gcc/aarch64-arene-linux/9.5.0/include-fixed;/home/dev/work/sdk/2024-07-11_05.15.00.A/sysroots/aarch64-arene-linux/usr/include]


Parsed CXX implicit link information from above output:
  link line regex: [^( *|.*[/\])(aarch64-arene-linux-ld|CMAKE_LINK_STARTFILE-NOTFOUND|([^/\]+-)?ld|collect2)[^/\]*( |$)]
  ignore line: [Change Dir: /home/dev/work/Media/build/CMakeFiles/CMakeTmp]
  ignore line: []
  ignore line: [Run Build Command(s):/usr/bin/make -f Makefile cmTC_13695/fast && /usr/bin/make  -f CMakeFiles/cmTC_13695.dir/build.make CMakeFiles/cmTC_13695.dir/build]
  ignore line: [make[1]: Entering directory '/home/dev/work/Media/build/CMakeFiles/CMakeTmp']
  ignore line: [Building CXX object CMakeFiles/cmTC_13695.dir/CMakeCXXCompilerABI.cpp.o]
  ignore line: [/home/dev/work/sdk/2024-07-11_05.15.00.A/sysroots/x86_64-arenesdk-linux/usr/bin/aarch64-arene-linux/aarch64-arene-linux-g++   -mcpu=cortex-a76.cortex-a55 -march=armv8.2-a -mabi=lp64  -fstack-protector-strong -Wa --noexecstack -pie -fPIE -D_FORTIFY_SOURCE=2 -Wformat -Wformat-security -Werror=format-security -fstack-clash-protection --sysroot=/home/dev/work/sdk/2024-07-11_05.15.00.A/sysroots/aarch64-arene-linux -I/home/dev/work/sdk/2024-07-11_05.15.00.A/sysroots/aarch64-arene-linux/usr/include/linux-msm --sysroot=/home/dev/work/sdk/2024-07-11_05.15.00.A/sysroots/aarch64-arene-linux   -O2 -pipe -Wa --noexecstack -fexpensive-optimizations -frename-registers -ftree-vectorize -finline-functions -finline-limit=64 -Wno-error=maybe-uninitialized -Wno-error=unused-result -g -feliminate-unused-debug-types  -fno-omit-frame-pointer     -v -o CMakeFiles/cmTC_13695.dir/CMakeCXXCompilerABI.cpp.o -c /home/dev/work/sdk/2024-07-11_05.15.00.A/sysroots/x86_64-arenesdk-linux/usr/share/cmake-3.21/Modules/CMakeCXXCompilerABI.cpp]
  ignore line: [Using built-in specs.]
  ignore line: [COLLECT_AS_OPTIONS='--noexecstack' '--noexecstack']
  ignore line: [COLLECT_GCC=/home/dev/work/sdk/2024-07-11_05.15.00.A/sysroots/x86_64-arenesdk-linux/usr/bin/aarch64-arene-linux/aarch64-arene-linux-g++]
  ignore line: [Target: aarch64-arene-linux]
  ignore line: [Configured with: ../../../../../work-shared/gcc-9.5.0-r0/gcc-9.5.0/configure --build=x86_64-linux --host=x86_64-arenesdk-linux --target=aarch64-arene-linux --prefix=/opt/arene/sdk/v9.6.1/ivi/sa81x5/sysroots/x86_64-arenesdk-linux/usr --exec_prefix=/opt/arene/sdk/v9.6.1/ivi/sa81x5/sysroots/x86_64-arenesdk-linux/usr --bindir=/opt/arene/sdk/v9.6.1/ivi/sa81x5/sysroots/x86_64-arenesdk-linux/usr/bin/aarch64-arene-linux --sbindir=/opt/arene/sdk/v9.6.1/ivi/sa81x5/sysroots/x86_64-arenesdk-linux/usr/bin/aarch64-arene-linux --libexecdir=/opt/arene/sdk/v9.6.1/ivi/sa81x5/sysroots/x86_64-arenesdk-linux/usr/libexec/aarch64-arene-linux --datadir=/opt/arene/sdk/v9.6.1/ivi/sa81x5/sysroots/x86_64-arenesdk-linux/usr/share --sysconfdir=/opt/arene/sdk/v9.6.1/ivi/sa81x5/sysroots/x86_64-arenesdk-linux/etc --sharedstatedir=/opt/arene/sdk/v9.6.1/ivi/sa81x5/sysroots/x86_64-arenesdk-linux/com --localstatedir=/opt/arene/sdk/v9.6.1/ivi/sa81x5/sysroots/x86_64-arenesdk-linux/var --libdir=/opt/arene/sdk/v9.6.1/ivi/sa81x5/sysroots/x86_64-arenesdk-linux/usr/lib/aarch64-arene-linux --includedir=/opt/arene/sdk/v9.6.1/ivi/sa81x5/sysroots/x86_64-arenesdk-linux/usr/include --oldincludedir=/opt/arene/sdk/v9.6.1/ivi/sa81x5/sysroots/x86_64-arenesdk-linux/usr/include --infodir=/opt/arene/sdk/v9.6.1/ivi/sa81x5/sysroots/x86_64-arenesdk-linux/usr/share/info --mandir=/opt/arene/sdk/v9.6.1/ivi/sa81x5/sysroots/x86_64-arenesdk-linux/usr/share/man --disable-silent-rules --disable-dependency-tracking --with-libtool-sysroot=/workdir/build-qcom/tmp-glibc/work/x86_64-nativesdk-arenesdk-linux/gcc-cross-canadian-aarch64/9.5.0-r0/recipe-sysroot --with-gnu-ld --enable-shared --enable-languages=c,c++,fortran --enable-threads=posix --enable-multilib --enable-c99 --enable-long-long --enable-symvers=gnu --enable-libstdcxx-pch --program-prefix=aarch64-arene-linux- --without-local-prefix --disable-install-libiberty --enable-lto --disable-libssp --enable-libitm --disable-bootstrap --disable-libmudflap --with-system-zlib --with-linker-hash-style=gnu --enable-linker-build-id --with-ppl=no --with-cloog=no --enable-checking=release --enable-cheaders=c_global --without-isl --with-gxx-include-dir=/not/exist/usr/include/c++/9.5.0 --with-build-time-tools=/workdir/build-qcom/tmp-glibc/work/x86_64-nativesdk-arenesdk-linux/gcc-cross-canadian-aarch64/9.5.0-r0/recipe-sysroot-native/usr/aarch64-arene-linux/bin --with-sysroot=/not/exist --with-build-sysroot=/workdir/build-qcom/tmp-glibc/work/x86_64-nativesdk-arenesdk-linux/gcc-cross-canadian-aarch64/9.5.0-r0/recipe-sysroot --enable-poison-system-directories --enable-nls --with-glibc-version=2.28 --enable-initfini-array --enable-__cxa_atexit]
  ignore line: [Thread model: posix]
  ignore line: [gcc version 9.5.0 (GCC) ]
  ignore line: [COLLECT_GCC_OPTIONS='--sysroot=/home/dev/work/sdk/2024-07-11_05.15.00.A/sysroots/aarch64-arene-linux' '-mcpu=cortex-a76.cortex-a55' '-march=armv8.2-a' '-mabi=lp64' '-fstack-protector-strong' '-pie' '-fPIE' '-D' '_FORTIFY_SOURCE=2' '-Wformat=1' '-Wformat-security' '-Werror=format-security' '-fstack-clash-protection' '-I' '/home/dev/work/sdk/2024-07-11_05.15.00.A/sysroots/aarch64-arene-linux/usr/include/linux-msm' '-O2' '-pipe' '-fexpensive-optimizations' '-frename-registers' '-ftree-vectorize' '-finline-functions' '-finline-limit=64' '-Wno-error=maybe-uninitialized' '-Wno-error=unused-result' '-g' '-feliminate-unused-debug-types' '-fno-omit-frame-pointer' '-v' '-o' 'CMakeFiles/cmTC_13695.dir/CMakeCXXCompilerABI.cpp.o' '-c' '-shared-libgcc' '-mlittle-endian']
  ignore line: [ /home/dev/work/sdk/2024-07-11_05.15.00.A/sysroots/x86_64-arenesdk-linux/usr/libexec/aarch64-arene-linux/gcc/aarch64-arene-linux/9.5.0/cc1plus -quiet -v -I /home/dev/work/sdk/2024-07-11_05.15.00.A/sysroots/aarch64-arene-linux/usr/include/linux-msm -isysroot /home/dev/work/sdk/2024-07-11_05.15.00.A/sysroots/aarch64-arene-linux -D_GNU_SOURCE -D _FORTIFY_SOURCE=2 /home/dev/work/sdk/2024-07-11_05.15.00.A/sysroots/x86_64-arenesdk-linux/usr/share/cmake-3.21/Modules/CMakeCXXCompilerABI.cpp -quiet -dumpbase CMakeCXXCompilerABI.cpp -mcpu=cortex-a76.cortex-a55 -march=armv8.2-a -mabi=lp64 -mlittle-endian -auxbase-strip CMakeFiles/cmTC_13695.dir/CMakeCXXCompilerABI.cpp.o -g -O2 -Wformat=1 -Wformat-security -Werror=format-security -Wno-error=maybe-uninitialized -Wno-error=unused-result -version -fstack-protector-strong -fPIE -fstack-clash-protection -fexpensive-optimizations -frename-registers -ftree-vectorize -finline-functions -finline-limit=64 -feliminate-unused-debug-types -fno-omit-frame-pointer -o - |]
  ignore line: [ /home/dev/work/sdk/2024-07-11_05.15.00.A/sysroots/x86_64-arenesdk-linux/usr/libexec/aarch64-arene-linux/gcc/aarch64-arene-linux/9.5.0/as -v -I /home/dev/work/sdk/2024-07-11_05.15.00.A/sysroots/aarch64-arene-linux/usr/include/linux-msm -EL -march=armv8.2-a -march=armv8.2-a+fp16+rcpc+dotprod -mabi=lp64 --noexecstack --noexecstack -o CMakeFiles/cmTC_13695.dir/CMakeCXXCompilerABI.cpp.o]
  ignore line: [GNU assembler version 2.34.0 (aarch64-arene-linux) using BFD version (GNU Binutils) 2.34.0.20200910]
  ignore line: [GNU C++14 (GCC) version 9.5.0 (aarch64-arene-linux)]
  ignore line: [	compiled by GNU C version 9.5.0  GMP version 6.2.0  MPFR version 4.0.2  MPC version 1.1.0  isl version none]
  ignore line: [GGC heuristics: --param ggc-min-expand=100 --param ggc-min-heapsize=131072]
  ignore line: [ignoring nonexistent directory "/home/dev/work/sdk/2024-07-11_05.15.00.A/sysroots/aarch64-arene-linux/usr/local/include"]
  ignore line: [ignoring nonexistent directory "/home/dev/work/sdk/2024-07-11_05.15.00.A/sysroots/x86_64-arenesdk-linux/usr/lib/aarch64-arene-linux/gcc/aarch64-arene-linux/9.5.0/../../../../../aarch64-arene-linux/include"]
  ignore line: [#include "..." search starts here:]
  ignore line: [#include <...> search starts here:]
  ignore line: [ /home/dev/work/sdk/2024-07-11_05.15.00.A/sysroots/aarch64-arene-linux/usr/include/linux-msm]
  ignore line: [ /home/dev/work/sdk/2024-07-11_05.15.00.A/sysroots/aarch64-arene-linux/usr/include/c++/9.5.0]
  ignore line: [ /home/dev/work/sdk/2024-07-11_05.15.00.A/sysroots/aarch64-arene-linux/usr/include/c++/9.5.0/aarch64-arene-linux]
  ignore line: [ /home/dev/work/sdk/2024-07-11_05.15.00.A/sysroots/aarch64-arene-linux/usr/include/c++/9.5.0/backward]
  ignore line: [ /home/dev/work/sdk/2024-07-11_05.15.00.A/sysroots/x86_64-arenesdk-linux/usr/lib/aarch64-arene-linux/gcc/aarch64-arene-linux/9.5.0/include]
  ignore line: [ /home/dev/work/sdk/2024-07-11_05.15.00.A/sysroots/aarch64-arene-linux/usr/lib/aarch64-arene-linux/9.5.0/include]
  ignore line: [ /home/dev/work/sdk/2024-07-11_05.15.00.A/sysroots/x86_64-arenesdk-linux/usr/lib/aarch64-arene-linux/gcc/aarch64-arene-linux/9.5.0/include-fixed]
  ignore line: [ /home/dev/work/sdk/2024-07-11_05.15.00.A/sysroots/aarch64-arene-linux/usr/include/]
  ignore line: [End of search list.]
  ignore line: [GNU C++14 (GCC) version 9.5.0 (aarch64-arene-linux)]
  ignore line: [	compiled by GNU C version 9.5.0  GMP version 6.2.0  MPFR version 4.0.2  MPC version 1.1.0  isl version none]
  ignore line: [GGC heuristics: --param ggc-min-expand=100 --param ggc-min-heapsize=131072]
  ignore line: [Compiler executable checksum: 8dc39add5b32502691cabbc7bd142378]
  ignore line: [COMPILER_PATH=/home/dev/work/sdk/2024-07-11_05.15.00.A/sysroots/x86_64-arenesdk-linux/usr/libexec/aarch64-arene-linux/gcc/aarch64-arene-linux/9.5.0/:/home/dev/work/sdk/2024-07-11_05.15.00.A/sysroots/x86_64-arenesdk-linux/usr/libexec/aarch64-arene-linux/gcc/aarch64-arene-linux/9.5.0/:/home/dev/work/sdk/2024-07-11_05.15.00.A/sysroots/x86_64-arenesdk-linux/usr/libexec/aarch64-arene-linux/gcc/aarch64-arene-linux/:/home/dev/work/sdk/2024-07-11_05.15.00.A/sysroots/x86_64-arenesdk-linux/usr/lib/aarch64-arene-linux/gcc/aarch64-arene-linux/9.5.0/:/home/dev/work/sdk/2024-07-11_05.15.00.A/sysroots/x86_64-arenesdk-linux/usr/lib/aarch64-arene-linux/gcc/aarch64-arene-linux/]
  ignore line: [LIBRARY_PATH=/home/dev/work/sdk/2024-07-11_05.15.00.A/sysroots/x86_64-arenesdk-linux/usr/lib/aarch64-arene-linux/gcc/aarch64-arene-linux/9.5.0/:/home/dev/work/sdk/2024-07-11_05.15.00.A/sysroots/aarch64-arene-linux/lib/:/home/dev/work/sdk/2024-07-11_05.15.00.A/sysroots/aarch64-arene-linux/usr/lib/aarch64-arene-linux/9.5.0/:/home/dev/work/sdk/2024-07-11_05.15.00.A/sysroots/aarch64-arene-linux/usr/lib/]
  ignore line: [COLLECT_GCC_OPTIONS='--sysroot=/home/dev/work/sdk/2024-07-11_05.15.00.A/sysroots/aarch64-arene-linux' '-mcpu=cortex-a76.cortex-a55' '-march=armv8.2-a' '-mabi=lp64' '-fstack-protector-strong' '-pie' '-fPIE' '-D' '_FORTIFY_SOURCE=2' '-Wformat=1' '-Wformat-security' '-Werror=format-security' '-fstack-clash-protection' '-I' '/home/dev/work/sdk/2024-07-11_05.15.00.A/sysroots/aarch64-arene-linux/usr/include/linux-msm' '-O2' '-pipe' '-fexpensive-optimizations' '-frename-registers' '-ftree-vectorize' '-finline-functions' '-finline-limit=64' '-Wno-error=maybe-uninitialized' '-Wno-error=unused-result' '-g' '-feliminate-unused-debug-types' '-fno-omit-frame-pointer' '-v' '-o' 'CMakeFiles/cmTC_13695.dir/CMakeCXXCompilerABI.cpp.o' '-c' '-shared-libgcc' '-mlittle-endian']
  ignore line: [Linking CXX executable cmTC_13695]
  ignore line: [/home/dev/work/sdk/2024-07-11_05.15.00.A/sysroots/x86_64-arenesdk-linux/usr/bin/cmake -E cmake_link_script CMakeFiles/cmTC_13695.dir/link.txt --verbose=1]
  ignore line: [/home/dev/work/sdk/2024-07-11_05.15.00.A/sysroots/x86_64-arenesdk-linux/usr/bin/aarch64-arene-linux/aarch64-arene-linux-g++   -mcpu=cortex-a76.cortex-a55 -march=armv8.2-a -mabi=lp64  -fstack-protector-strong -Wa --noexecstack -pie -fPIE -D_FORTIFY_SOURCE=2 -Wformat -Wformat-security -Werror=format-security -fstack-clash-protection --sysroot=/home/dev/work/sdk/2024-07-11_05.15.00.A/sysroots/aarch64-arene-linux -I/home/dev/work/sdk/2024-07-11_05.15.00.A/sysroots/aarch64-arene-linux/usr/include/linux-msm --sysroot=/home/dev/work/sdk/2024-07-11_05.15.00.A/sysroots/aarch64-arene-linux  -O2 -pipe -Wa --noexecstack -fexpensive-optimizations -frename-registers -ftree-vectorize -finline-functions -finline-limit=64 -Wno-error=maybe-uninitialized -Wno-error=unused-result -g -feliminate-unused-debug-types  -fno-omit-frame-pointer   -Wl -O1 -Wl --hash-style=gnu -Wl --as-needed -Wl -z relro -z now -z noexecstack -v CMakeFiles/cmTC_13695.dir/CMakeCXXCompilerABI.cpp.o -o cmTC_13695 ]
  ignore line: [Using built-in specs.]
  ignore line: [COLLECT_AS_OPTIONS='--noexecstack' '--noexecstack']
  ignore line: [COLLECT_GCC=/home/dev/work/sdk/2024-07-11_05.15.00.A/sysroots/x86_64-arenesdk-linux/usr/bin/aarch64-arene-linux/aarch64-arene-linux-g++]
  ignore line: [COLLECT_LTO_WRAPPER=/home/dev/work/sdk/2024-07-11_05.15.00.A/sysroots/x86_64-arenesdk-linux/usr/libexec/aarch64-arene-linux/gcc/aarch64-arene-linux/9.5.0/lto-wrapper]
  ignore line: [Target: aarch64-arene-linux]
  ignore line: [Configured with: ../../../../../work-shared/gcc-9.5.0-r0/gcc-9.5.0/configure --build=x86_64-linux --host=x86_64-arenesdk-linux --target=aarch64-arene-linux --prefix=/opt/arene/sdk/v9.6.1/ivi/sa81x5/sysroots/x86_64-arenesdk-linux/usr --exec_prefix=/opt/arene/sdk/v9.6.1/ivi/sa81x5/sysroots/x86_64-arenesdk-linux/usr --bindir=/opt/arene/sdk/v9.6.1/ivi/sa81x5/sysroots/x86_64-arenesdk-linux/usr/bin/aarch64-arene-linux --sbindir=/opt/arene/sdk/v9.6.1/ivi/sa81x5/sysroots/x86_64-arenesdk-linux/usr/bin/aarch64-arene-linux --libexecdir=/opt/arene/sdk/v9.6.1/ivi/sa81x5/sysroots/x86_64-arenesdk-linux/usr/libexec/aarch64-arene-linux --datadir=/opt/arene/sdk/v9.6.1/ivi/sa81x5/sysroots/x86_64-arenesdk-linux/usr/share --sysconfdir=/opt/arene/sdk/v9.6.1/ivi/sa81x5/sysroots/x86_64-arenesdk-linux/etc --sharedstatedir=/opt/arene/sdk/v9.6.1/ivi/sa81x5/sysroots/x86_64-arenesdk-linux/com --localstatedir=/opt/arene/sdk/v9.6.1/ivi/sa81x5/sysroots/x86_64-arenesdk-linux/var --libdir=/opt/arene/sdk/v9.6.1/ivi/sa81x5/sysroots/x86_64-arenesdk-linux/usr/lib/aarch64-arene-linux --includedir=/opt/arene/sdk/v9.6.1/ivi/sa81x5/sysroots/x86_64-arenesdk-linux/usr/include --oldincludedir=/opt/arene/sdk/v9.6.1/ivi/sa81x5/sysroots/x86_64-arenesdk-linux/usr/include --infodir=/opt/arene/sdk/v9.6.1/ivi/sa81x5/sysroots/x86_64-arenesdk-linux/usr/share/info --mandir=/opt/arene/sdk/v9.6.1/ivi/sa81x5/sysroots/x86_64-arenesdk-linux/usr/share/man --disable-silent-rules --disable-dependency-tracking --with-libtool-sysroot=/workdir/build-qcom/tmp-glibc/work/x86_64-nativesdk-arenesdk-linux/gcc-cross-canadian-aarch64/9.5.0-r0/recipe-sysroot --with-gnu-ld --enable-shared --enable-languages=c,c++,fortran --enable-threads=posix --enable-multilib --enable-c99 --enable-long-long --enable-symvers=gnu --enable-libstdcxx-pch --program-prefix=aarch64-arene-linux- --without-local-prefix --disable-install-libiberty --enable-lto --disable-libssp --enable-libitm --disable-bootstrap --disable-libmudflap --with-system-zlib --with-linker-hash-style=gnu --enable-linker-build-id --with-ppl=no --with-cloog=no --enable-checking=release --enable-cheaders=c_global --without-isl --with-gxx-include-dir=/not/exist/usr/include/c++/9.5.0 --with-build-time-tools=/workdir/build-qcom/tmp-glibc/work/x86_64-nativesdk-arenesdk-linux/gcc-cross-canadian-aarch64/9.5.0-r0/recipe-sysroot-native/usr/aarch64-arene-linux/bin --with-sysroot=/not/exist --with-build-sysroot=/workdir/build-qcom/tmp-glibc/work/x86_64-nativesdk-arenesdk-linux/gcc-cross-canadian-aarch64/9.5.0-r0/recipe-sysroot --enable-poison-system-directories --enable-nls --with-glibc-version=2.28 --enable-initfini-array --enable-__cxa_atexit]
  ignore line: [Thread model: posix]
  ignore line: [gcc version 9.5.0 (GCC) ]
  ignore line: [COMPILER_PATH=/home/dev/work/sdk/2024-07-11_05.15.00.A/sysroots/x86_64-arenesdk-linux/usr/libexec/aarch64-arene-linux/gcc/aarch64-arene-linux/9.5.0/:/home/dev/work/sdk/2024-07-11_05.15.00.A/sysroots/x86_64-arenesdk-linux/usr/libexec/aarch64-arene-linux/gcc/aarch64-arene-linux/9.5.0/:/home/dev/work/sdk/2024-07-11_05.15.00.A/sysroots/x86_64-arenesdk-linux/usr/libexec/aarch64-arene-linux/gcc/aarch64-arene-linux/:/home/dev/work/sdk/2024-07-11_05.15.00.A/sysroots/x86_64-arenesdk-linux/usr/lib/aarch64-arene-linux/gcc/aarch64-arene-linux/9.5.0/:/home/dev/work/sdk/2024-07-11_05.15.00.A/sysroots/x86_64-arenesdk-linux/usr/lib/aarch64-arene-linux/gcc/aarch64-arene-linux/]
  ignore line: [LIBRARY_PATH=/home/dev/work/sdk/2024-07-11_05.15.00.A/sysroots/x86_64-arenesdk-linux/usr/lib/aarch64-arene-linux/gcc/aarch64-arene-linux/9.5.0/:/home/dev/work/sdk/2024-07-11_05.15.00.A/sysroots/aarch64-arene-linux/lib/:/home/dev/work/sdk/2024-07-11_05.15.00.A/sysroots/aarch64-arene-linux/usr/lib/aarch64-arene-linux/9.5.0/:/home/dev/work/sdk/2024-07-11_05.15.00.A/sysroots/aarch64-arene-linux/usr/lib/]
  ignore line: [COLLECT_GCC_OPTIONS='--sysroot=/home/dev/work/sdk/2024-07-11_05.15.00.A/sysroots/aarch64-arene-linux' '-mcpu=cortex-a76.cortex-a55' '-march=armv8.2-a' '-mabi=lp64' '-fstack-protector-strong' '-pie' '-fPIE' '-D' '_FORTIFY_SOURCE=2' '-Wformat=1' '-Wformat-security' '-Werror=format-security' '-fstack-clash-protection' '-I' '/home/dev/work/sdk/2024-07-11_05.15.00.A/sysroots/aarch64-arene-linux/usr/include/linux-msm' '-O2' '-pipe' '-fexpensive-optimizations' '-frename-registers' '-ftree-vectorize' '-finline-functions' '-finline-limit=64' '-Wno-error=maybe-uninitialized' '-Wno-error=unused-result' '-g' '-feliminate-unused-debug-types' '-fno-omit-frame-pointer' '-v' '-o' 'cmTC_13695' '-shared-libgcc' '-mlittle-endian']
  link line: [ /home/dev/work/sdk/2024-07-11_05.15.00.A/sysroots/x86_64-arenesdk-linux/usr/libexec/aarch64-arene-linux/gcc/aarch64-arene-linux/9.5.0/collect2 -plugin /home/dev/work/sdk/2024-07-11_05.15.00.A/sysroots/x86_64-arenesdk-linux/usr/libexec/aarch64-arene-linux/gcc/aarch64-arene-linux/9.5.0/liblto_plugin.so -plugin-opt=/home/dev/work/sdk/2024-07-11_05.15.00.A/sysroots/x86_64-arenesdk-linux/usr/libexec/aarch64-arene-linux/gcc/aarch64-arene-linux/9.5.0/lto-wrapper -plugin-opt=-fresolution=/tmp/ccQtRWCs.res -plugin-opt=-pass-through=-lgcc_s -plugin-opt=-pass-through=-lgcc -plugin-opt=-pass-through=-lc -plugin-opt=-pass-through=-lgcc_s -plugin-opt=-pass-through=-lgcc --sysroot=/home/dev/work/sdk/2024-07-11_05.15.00.A/sysroots/aarch64-arene-linux --build-id --eh-frame-hdr --hash-style=gnu -dynamic-linker /lib/ld-linux-aarch64.so.1 -X -EL -maarch64linux -pie -o cmTC_13695 /home/dev/work/sdk/2024-07-11_05.15.00.A/sysroots/aarch64-arene-linux/usr/lib/Scrt1.o /home/dev/work/sdk/2024-07-11_05.15.00.A/sysroots/aarch64-arene-linux/usr/lib/crti.o /home/dev/work/sdk/2024-07-11_05.15.00.A/sysroots/aarch64-arene-linux/usr/lib/aarch64-arene-linux/9.5.0/crtbeginS.o -L/home/dev/work/sdk/2024-07-11_05.15.00.A/sysroots/x86_64-arenesdk-linux/usr/lib/aarch64-arene-linux/gcc/aarch64-arene-linux/9.5.0 -L/home/dev/work/sdk/2024-07-11_05.15.00.A/sysroots/aarch64-arene-linux/lib -L/home/dev/work/sdk/2024-07-11_05.15.00.A/sysroots/aarch64-arene-linux/usr/lib/aarch64-arene-linux/9.5.0 -L/home/dev/work/sdk/2024-07-11_05.15.00.A/sysroots/aarch64-arene-linux/usr/lib -O1 --hash-style=gnu --as-needed -z relro -z now -z noexecstack CMakeFiles/cmTC_13695.dir/CMakeCXXCompilerABI.cpp.o -lstdc++ -lm -lgcc_s -lgcc -lc -lgcc_s -lgcc /home/dev/work/sdk/2024-07-11_05.15.00.A/sysroots/aarch64-arene-linux/usr/lib/aarch64-arene-linux/9.5.0/crtendS.o /home/dev/work/sdk/2024-07-11_05.15.00.A/sysroots/aarch64-arene-linux/usr/lib/crtn.o]
    arg [/home/dev/work/sdk/2024-07-11_05.15.00.A/sysroots/x86_64-arenesdk-linux/usr/libexec/aarch64-arene-linux/gcc/aarch64-arene-linux/9.5.0/collect2] ==> ignore
    arg [-plugin] ==> ignore
    arg [/home/dev/work/sdk/2024-07-11_05.15.00.A/sysroots/x86_64-arenesdk-linux/usr/libexec/aarch64-arene-linux/gcc/aarch64-arene-linux/9.5.0/liblto_plugin.so] ==> ignore
    arg [-plugin-opt=/home/dev/work/sdk/2024-07-11_05.15.00.A/sysroots/x86_64-arenesdk-linux/usr/libexec/aarch64-arene-linux/gcc/aarch64-arene-linux/9.5.0/lto-wrapper] ==> ignore
    arg [-plugin-opt=-fresolution=/tmp/ccQtRWCs.res] ==> ignore
    arg [-plugin-opt=-pass-through=-lgcc_s] ==> ignore
    arg [-plugin-opt=-pass-through=-lgcc] ==> ignore
    arg [-plugin-opt=-pass-through=-lc] ==> ignore
    arg [-plugin-opt=-pass-through=-lgcc_s] ==> ignore
    arg [-plugin-opt=-pass-through=-lgcc] ==> ignore
    arg [--sysroot=/home/dev/work/sdk/2024-07-11_05.15.00.A/sysroots/aarch64-arene-linux] ==> ignore
    arg [--build-id] ==> ignore
    arg [--eh-frame-hdr] ==> ignore
    arg [--hash-style=gnu] ==> ignore
    arg [-dynamic-linker] ==> ignore
    arg [/lib/ld-linux-aarch64.so.1] ==> ignore
    arg [-X] ==> ignore
    arg [-EL] ==> ignore
    arg [-maarch64linux] ==> ignore
    arg [-pie] ==> ignore
    arg [-o] ==> ignore
    arg [cmTC_13695] ==> ignore
    arg [/home/dev/work/sdk/2024-07-11_05.15.00.A/sysroots/aarch64-arene-linux/usr/lib/Scrt1.o] ==> obj [/home/dev/work/sdk/2024-07-11_05.15.00.A/sysroots/aarch64-arene-linux/usr/lib/Scrt1.o]
    arg [/home/dev/work/sdk/2024-07-11_05.15.00.A/sysroots/aarch64-arene-linux/usr/lib/crti.o] ==> obj [/home/dev/work/sdk/2024-07-11_05.15.00.A/sysroots/aarch64-arene-linux/usr/lib/crti.o]
    arg [/home/dev/work/sdk/2024-07-11_05.15.00.A/sysroots/aarch64-arene-linux/usr/lib/aarch64-arene-linux/9.5.0/crtbeginS.o] ==> obj [/home/dev/work/sdk/2024-07-11_05.15.00.A/sysroots/aarch64-arene-linux/usr/lib/aarch64-arene-linux/9.5.0/crtbeginS.o]
    arg [-L/home/dev/work/sdk/2024-07-11_05.15.00.A/sysroots/x86_64-arenesdk-linux/usr/lib/aarch64-arene-linux/gcc/aarch64-arene-linux/9.5.0] ==> dir [/home/dev/work/sdk/2024-07-11_05.15.00.A/sysroots/x86_64-arenesdk-linux/usr/lib/aarch64-arene-linux/gcc/aarch64-arene-linux/9.5.0]
    arg [-L/home/dev/work/sdk/2024-07-11_05.15.00.A/sysroots/aarch64-arene-linux/lib] ==> dir [/home/dev/work/sdk/2024-07-11_05.15.00.A/sysroots/aarch64-arene-linux/lib]
    arg [-L/home/dev/work/sdk/2024-07-11_05.15.00.A/sysroots/aarch64-arene-linux/usr/lib/aarch64-arene-linux/9.5.0] ==> dir [/home/dev/work/sdk/2024-07-11_05.15.00.A/sysroots/aarch64-arene-linux/usr/lib/aarch64-arene-linux/9.5.0]
    arg [-L/home/dev/work/sdk/2024-07-11_05.15.00.A/sysroots/aarch64-arene-linux/usr/lib] ==> dir [/home/dev/work/sdk/2024-07-11_05.15.00.A/sysroots/aarch64-arene-linux/usr/lib]
    arg [-O1] ==> ignore
    arg [--hash-style=gnu] ==> ignore
    arg [--as-needed] ==> ignore
    arg [-zrelro] ==> ignore
    arg [-znow] ==> ignore
    arg [-znoexecstack] ==> ignore
    arg [CMakeFiles/cmTC_13695.dir/CMakeCXXCompilerABI.cpp.o] ==> ignore
    arg [-lstdc++] ==> lib [stdc++]
    arg [-lm] ==> lib [m]
    arg [-lgcc_s] ==> lib [gcc_s]
    arg [-lgcc] ==> lib [gcc]
    arg [-lc] ==> lib [c]
    arg [-lgcc_s] ==> lib [gcc_s]
    arg [-lgcc] ==> lib [gcc]
    arg [/home/dev/work/sdk/2024-07-11_05.15.00.A/sysroots/aarch64-arene-linux/usr/lib/aarch64-arene-linux/9.5.0/crtendS.o] ==> obj [/home/dev/work/sdk/2024-07-11_05.15.00.A/sysroots/aarch64-arene-linux/usr/lib/aarch64-arene-linux/9.5.0/crtendS.o]
    arg [/home/dev/work/sdk/2024-07-11_05.15.00.A/sysroots/aarch64-arene-linux/usr/lib/crtn.o] ==> obj [/home/dev/work/sdk/2024-07-11_05.15.00.A/sysroots/aarch64-arene-linux/usr/lib/crtn.o]
  collapse library dir [/home/dev/work/sdk/2024-07-11_05.15.00.A/sysroots/x86_64-arenesdk-linux/usr/lib/aarch64-arene-linux/gcc/aarch64-arene-linux/9.5.0] ==> [/home/dev/work/sdk/2024-07-11_05.15.00.A/sysroots/x86_64-arenesdk-linux/usr/lib/aarch64-arene-linux/gcc/aarch64-arene-linux/9.5.0]
  collapse library dir [/home/dev/work/sdk/2024-07-11_05.15.00.A/sysroots/aarch64-arene-linux/lib] ==> [/home/dev/work/sdk/2024-07-11_05.15.00.A/sysroots/aarch64-arene-linux/lib]
  collapse library dir [/home/dev/work/sdk/2024-07-11_05.15.00.A/sysroots/aarch64-arene-linux/usr/lib/aarch64-arene-linux/9.5.0] ==> [/home/dev/work/sdk/2024-07-11_05.15.00.A/sysroots/aarch64-arene-linux/usr/lib/aarch64-arene-linux/9.5.0]
  collapse library dir [/home/dev/work/sdk/2024-07-11_05.15.00.A/sysroots/aarch64-arene-linux/usr/lib] ==> [/home/dev/work/sdk/2024-07-11_05.15.00.A/sysroots/aarch64-arene-linux/usr/lib]
  implicit libs: [stdc++;m;gcc_s;gcc;c;gcc_s;gcc]
  implicit objs: [/home/dev/work/sdk/2024-07-11_05.15.00.A/sysroots/aarch64-arene-linux/usr/lib/Scrt1.o;/home/dev/work/sdk/2024-07-11_05.15.00.A/sysroots/aarch64-arene-linux/usr/lib/crti.o;/home/dev/work/sdk/2024-07-11_05.15.00.A/sysroots/aarch64-arene-linux/usr/lib/aarch64-arene-linux/9.5.0/crtbeginS.o;/home/dev/work/sdk/2024-07-11_05.15.00.A/sysroots/aarch64-arene-linux/usr/lib/aarch64-arene-linux/9.5.0/crtendS.o;/home/dev/work/sdk/2024-07-11_05.15.00.A/sysroots/aarch64-arene-linux/usr/lib/crtn.o]
  implicit dirs: [/home/dev/work/sdk/2024-07-11_05.15.00.A/sysroots/x86_64-arenesdk-linux/usr/lib/aarch64-arene-linux/gcc/aarch64-arene-linux/9.5.0;/home/dev/work/sdk/2024-07-11_05.15.00.A/sysroots/aarch64-arene-linux/lib;/home/dev/work/sdk/2024-07-11_05.15.00.A/sysroots/aarch64-arene-linux/usr/lib/aarch64-arene-linux/9.5.0;/home/dev/work/sdk/2024-07-11_05.15.00.A/sysroots/aarch64-arene-linux/usr/lib]
  implicit fwks: []


